Archive member included to satisfy reference by file (symbol)

c:/program files (x86)/gnu tools arm embedded/5.3 2016q1/bin/../lib/gcc/arm-none-eabi/5.3.1/../../../../arm-none-eabi/lib/armv7-m\libc.a(lib_a-exit.o)
                              c:/program files (x86)/gnu tools arm embedded/5.3 2016q1/bin/../lib/gcc/arm-none-eabi/5.3.1/../../../../arm-none-eabi/lib/armv7-m/crt0.o (exit)
c:/program files (x86)/gnu tools arm embedded/5.3 2016q1/bin/../lib/gcc/arm-none-eabi/5.3.1/../../../../arm-none-eabi/lib/armv7-m\libc.a(lib_a-impure.o)
                              c:/program files (x86)/gnu tools arm embedded/5.3 2016q1/bin/../lib/gcc/arm-none-eabi/5.3.1/../../../../arm-none-eabi/lib/armv7-m\libc.a(lib_a-exit.o) (_global_impure_ptr)
c:/program files (x86)/gnu tools arm embedded/5.3 2016q1/bin/../lib/gcc/arm-none-eabi/5.3.1/../../../../arm-none-eabi/lib/armv7-m\libc.a(lib_a-init.o)
                              c:/program files (x86)/gnu tools arm embedded/5.3 2016q1/bin/../lib/gcc/arm-none-eabi/5.3.1/../../../../arm-none-eabi/lib/armv7-m/crt0.o (__libc_init_array)
c:/program files (x86)/gnu tools arm embedded/5.3 2016q1/bin/../lib/gcc/arm-none-eabi/5.3.1/../../../../arm-none-eabi/lib/armv7-m\libc.a(lib_a-memset.o)
                              c:/program files (x86)/gnu tools arm embedded/5.3 2016q1/bin/../lib/gcc/arm-none-eabi/5.3.1/../../../../arm-none-eabi/lib/armv7-m/crt0.o (memset)
c:/program files (x86)/gnu tools arm embedded/5.3 2016q1/bin/../lib/gcc/arm-none-eabi/5.3.1/../../../../arm-none-eabi/lib/armv7-m\libc.a(lib_a-__call_atexit.o)
                              c:/program files (x86)/gnu tools arm embedded/5.3 2016q1/bin/../lib/gcc/arm-none-eabi/5.3.1/../../../../arm-none-eabi/lib/armv7-m\libc.a(lib_a-exit.o) (__call_exitprocs)
c:/program files (x86)/gnu tools arm embedded/5.3 2016q1/bin/../lib/gcc/arm-none-eabi/5.3.1/../../../../arm-none-eabi/lib/armv7-m\libc.a(lib_a-atexit.o)
                              c:/program files (x86)/gnu tools arm embedded/5.3 2016q1/bin/../lib/gcc/arm-none-eabi/5.3.1/../../../../arm-none-eabi/lib/armv7-m\libc.a(lib_a-__call_atexit.o) (atexit)
c:/program files (x86)/gnu tools arm embedded/5.3 2016q1/bin/../lib/gcc/arm-none-eabi/5.3.1/../../../../arm-none-eabi/lib/armv7-m\libc.a(lib_a-fini.o)
                              c:/program files (x86)/gnu tools arm embedded/5.3 2016q1/bin/../lib/gcc/arm-none-eabi/5.3.1/../../../../arm-none-eabi/lib/armv7-m\libc.a(lib_a-__call_atexit.o) (__libc_fini_array)
c:/program files (x86)/gnu tools arm embedded/5.3 2016q1/bin/../lib/gcc/arm-none-eabi/5.3.1/../../../../arm-none-eabi/lib/armv7-m\libc.a(lib_a-__atexit.o)
                              c:/program files (x86)/gnu tools arm embedded/5.3 2016q1/bin/../lib/gcc/arm-none-eabi/5.3.1/../../../../arm-none-eabi/lib/armv7-m\libc.a(lib_a-atexit.o) (__register_exitproc)
c:/program files (x86)/gnu tools arm embedded/5.3 2016q1/bin/../lib/gcc/arm-none-eabi/5.3.1/../../../../arm-none-eabi/lib/armv7-m\libm.a(lib_a-w_sqrt.o)
                              ..\obj\Planner.o (sqrt)
c:/program files (x86)/gnu tools arm embedded/5.3 2016q1/bin/../lib/gcc/arm-none-eabi/5.3.1/../../../../arm-none-eabi/lib/armv7-m\libm.a(lib_a-e_sqrt.o)
                              c:/program files (x86)/gnu tools arm embedded/5.3 2016q1/bin/../lib/gcc/arm-none-eabi/5.3.1/../../../../arm-none-eabi/lib/armv7-m\libm.a(lib_a-w_sqrt.o) (__ieee754_sqrt)
c:/program files (x86)/gnu tools arm embedded/5.3 2016q1/bin/../lib/gcc/arm-none-eabi/5.3.1/../../../../arm-none-eabi/lib/armv7-m\libm.a(lib_a-s_lib_ver.o)
                              c:/program files (x86)/gnu tools arm embedded/5.3 2016q1/bin/../lib/gcc/arm-none-eabi/5.3.1/../../../../arm-none-eabi/lib/armv7-m\libm.a(lib_a-w_sqrt.o) (__fdlib_version)
c:/program files (x86)/gnu tools arm embedded/5.3 2016q1/bin/../lib/gcc/arm-none-eabi/5.3.1/../../../../arm-none-eabi/lib/armv7-m\libm.a(lib_a-s_matherr.o)
                              c:/program files (x86)/gnu tools arm embedded/5.3 2016q1/bin/../lib/gcc/arm-none-eabi/5.3.1/../../../../arm-none-eabi/lib/armv7-m\libm.a(lib_a-w_sqrt.o) (matherr)
c:/program files (x86)/gnu tools arm embedded/5.3 2016q1/bin/../lib/gcc/arm-none-eabi/5.3.1/armv7-m\libgcc.a(_arm_addsubdf3.o)
                              c:/program files (x86)/gnu tools arm embedded/5.3 2016q1/bin/../lib/gcc/arm-none-eabi/5.3.1/../../../../arm-none-eabi/lib/armv7-m\libm.a(lib_a-e_sqrt.o) (__aeabi_dsub)
c:/program files (x86)/gnu tools arm embedded/5.3 2016q1/bin/../lib/gcc/arm-none-eabi/5.3.1/armv7-m\libgcc.a(_arm_muldivdf3.o)
                              ..\obj\Planner.o (__aeabi_dmul)
c:/program files (x86)/gnu tools arm embedded/5.3 2016q1/bin/../lib/gcc/arm-none-eabi/5.3.1/armv7-m\libgcc.a(_arm_cmpdf2.o)
                              ..\obj\Planner.o (__aeabi_dcmplt)
c:/program files (x86)/gnu tools arm embedded/5.3 2016q1/bin/../lib/gcc/arm-none-eabi/5.3.1/armv7-m\libgcc.a(_arm_unorddf2.o)
[...]
Memory Configuration

Name             Origin             Length             Attributes
FLASH            0x08000000         0x00010000         xr
RAM              0x20000000         0x00005000         xrw
*default*        0x00000000         0xffffffff

Linker script and memory map

LOAD c:/program files (x86)/gnu tools arm embedded/5.3 2016q1/bin/../lib/gcc/arm-none-eabi/5.3.1/armv7-m/crti.o
LOAD c:/program files (x86)/gnu tools arm embedded/5.3 2016q1/bin/../lib/gcc/arm-none-eabi/5.3.1/armv7-m/crtbegin.o
LOAD c:/program files (x86)/gnu tools arm embedded/5.3 2016q1/bin/../lib/gcc/arm-none-eabi/5.3.1/../../../../arm-none-eabi/lib/armv7-m/crt0.o
                0x20004fff                _estack = 0x20004fff
                0x00000200                _Min_Heap_Size = 0x200
                0x00000400                _Min_Stack_Size = 0x400

.isr_vector     0x08000000      0x10c
                0x08000000                . = ALIGN (0x4)
 *(.isr_vector)
 .isr_vector    0x08000000      0x10c ..\obj\startup_stm32f103xb.o
                0x08000000                g_pfnVectors
                0x0800010c                . = ALIGN (0x4)

.text           0x08000110     0xcb98
                0x08000110                . = ALIGN (0x4)
 *(.text)
 .text          0x08000110       0x5c c:/program files (x86)/gnu tools arm embedded/5.3 2016q1/bin/../lib/gcc/arm-none-eabi/5.3.1/armv7-m/crtbegin.o
 .text          0x0800016c      0x32c ..\obj\Protocol.o
                0x0800019c                dataProcess
                0x080001e4                lineCheckingProcess
                0x0800024c                interpretLineToBlock
                0x080003a4                getLetterAndValue
                0x08000430                readValue
 .text          0x08000498      0x270 ..\obj\syscalls.o
                0x08000498                initialise_monitor_handles
                0x080004a4                _getpid
                0x080004b4                _kill
                0x080004d4                _exit
                0x080004e8                _read
                0x08000524                _write
                0x0800055c                _sbrk
                0x080005b4                _close
                0x080005cc                _fstat
                0x080005ec                _isatty
                0x08000600                _lseek
                0x08000618                _open
                0x08000634                _wait
                0x08000654                _unlink
                0x08000674                _times
                0x0800068c                _stat
                0x080006ac                _link
                0x080006cc                _fork
                0x080006e4                _execve
 .text          0x08000708      0x84c ..\obj\Stepper.o
                0x0800076c                TIM2_IRQHandler
                0x080007c0                motorRateControlProcess
                0x08000814                accelerateAndDeccelerateEvent
                0x08000850                accelerateRate
                0x0800089c                iterateCycleCounter
                0x080008e0                setCyclePerStepEventToTimer
                0x0800093c                deccelerateRate
                0x08000964                setStepEventPerMin
                0x080009a4                initializeDecceleration
                0x080009e0                deccelerationAbjustment
                0x08000a44                nominalRate
                0x08000a78                stepperInit
                0x08000a98                sleep
                0x08000ab0                wakeUp
                0x08000ac8                transferInfoToStExecutor
                0x08000b54                stExecutorInitProcess
                0x08000b8c                executeStepDisplacementProcess
                0x08000bfc                getStepStatus
                0x08000c28                getMoveDireaction
                0x08000c54                planningDataSending
                0x08000d40                executeStepDisplacement
                0x08000e04                bresenhamAlgorithm
                0x08000e54                iterate
                0x08000e98                getStatus
                0x08000ecc                getOutputFlagStatus
                0x08000f10                getDireationFlag
 .text          0x08000f54      0x904 ..\obj\stm32f10x_usart.o
                0x08000f54                USART_DeInit
                0x0800100c                USART_Init
                0x08001180                USART_StructInit
                0x080011b8                USART_ClockInit
                0x08001210                USART_ClockStructInit
                0x0800123c                USART_Cmd
                0x0800127c                USART_ITConfig
                0x0800130c                USART_DMACmd
                0x08001354                USART_SetAddress
                0x0800138c                USART_WakeUpConfig
                0x080013c4                USART_ReceiverWakeUpCmd
                0x08001404                USART_LINBreakDetectLengthConfig
                0x0800143c                USART_LINCmd
                0x0800147c                USART_SendData
                0x080014a0                USART_ReceiveData
                0x080014c0                USART_SendBreak
                0x080014e4                USART_SetGuardTime
                0x08001520                USART_SetPrescaler
                0x08001558                USART_SmartCardCmd
                0x08001598                USART_SmartCardNACKCmd
                0x080015d8                USART_HalfDuplexCmd
                0x08001618                USART_OverSampling8Cmd
                0x0800165c                USART_OneBitMethodCmd
                0x0800169c                USART_IrDAConfig
                0x080016d4                USART_IrDACmd
                0x08001714                USART_GetFlagStatus
                0x0800174c                USART_ClearFlag
                0x0800176c                USART_GetITStatus
                0x08001820                USART_ClearITPendingBit
 .text          0x08001858      0x1e0 ..\obj\Tim.o
                0x080018dc                TimerConfig
 .text          0x08001a38      0x2a4 ..\obj\Dma.o
                0x08001af0                DMA1_Channel3_IRQHandler
                0x08001b08                sendSetStep
                0x08001b44                sendResetStep
                0x08001b80                setDataNumber
                0x08001ba8                DmaConfig
 .text          0x08001cdc      0x2b8 ..\obj\Usart.o
                0x08001d60                USART1_IRQHandler
                0x08001dd4                usartConfig
                0x08001e88                insertDataIntoRxBuffer
                0x08001edc                resetRxBuffer
                0x08001f00                readRxBuffer
                0x08001f54                printString
 .text          0x08001f94      0x5e8 ..\obj\stm32f10x_gpio.o
                0x08001f94                GPIO_DeInit
                0x08002078                GPIO_AFIODeInit
                0x08002090                GPIO_Init
                0x08002208                GPIO_StructInit
                0x08002230                GPIO_ReadInputDataBit
                0x08002264                GPIO_ReadInputData
                0x0800227c                GPIO_ReadOutputDataBit
                0x080022b0                GPIO_ReadOutputData
                0x080022c8                GPIO_SetBits
                0x080022e4                GPIO_ResetBits
                0x08002300                GPIO_WriteBit
                0x08002330                GPIO_Write
                0x0800234c                GPIO_PinLockConfig
                0x08002390                GPIO_EventOutputConfig
                0x080023dc                GPIO_EventOutputCmd
                0x080023fc                GPIO_PinRemapConfig
                0x080024dc                GPIO_EXTILineConfig
                0x08002560                GPIO_ETH_MediaInterfaceConfig
 .text          0x0800257c      0x7d0 ..\obj\stm32f10x_rcc.o
                0x0800257c                RCC_DeInit
                0x080025d8                RCC_HSEConfig
                0x08002634                RCC_WaitForHSEStartUp
                0x08002684                RCC_AdjustHSICalibrationValue
                0x080026c0                RCC_HSICmd
                0x080026e0                RCC_PLLConfig
                0x0800271c                RCC_PLLCmd
                0x0800273c                RCC_SYSCLKConfig
                0x08002774                RCC_GetSYSCLKSource
                0x08002790                RCC_HCLKConfig
                0x080027c8                RCC_PCLK1Config
                0x08002800                RCC_PCLK2Config
                0x08002838                RCC_ITConfig
                0x08002884                RCC_USBCLKConfig
                0x080028a0                RCC_ADCCLKConfig
                0x080028d8                RCC_LSEConfig
                0x08002918                RCC_LSICmd
                0x08002938                RCC_RTCCLKConfig
                0x0800295c                RCC_RTCCLKCmd
                0x0800297c                RCC_GetClocksFreq
                0x08002adc                RCC_AHBPeriphClockCmd
                0x08002b18                RCC_APB2PeriphClockCmd
                0x08002b54                RCC_APB1PeriphClockCmd
                0x08002b90                RCC_APB2PeriphResetCmd
                0x08002bcc                RCC_APB1PeriphResetCmd
                0x08002c08                RCC_BackupResetCmd
                0x08002c28                RCC_ClockSecuritySystemCmd
                0x08002c48                RCC_MCOConfig
                0x08002c68                RCC_GetFlagStatus
                0x08002cdc                RCC_ClearFlag
                0x08002cf8                RCC_GetITStatus
                0x08002d2c                RCC_ClearITPendingBit
 .text          0x08002d4c      0x104 ..\obj\Spi.o
                0x08002d4c                triggerOutputData
                0x08002d68                SpiConfig
 .text          0x08002e50       0xf0 ..\obj\Motor.o
                0x08002e50                motorInit
                0x08002e90                motorConfig
                0x08002ed8                getMotorInfo
 .text          0x08002f40      0x3f8 ..\obj\stm32f10x_dma.o
                0x08002f40                DMA_DeInit
                0x080030b8                DMA_Init
                0x08003134                DMA_StructInit
                0x08003188                DMA_Cmd
                0x080031c0                DMA_ITConfig
                0x080031fc                DMA_SetCurrDataCounter
                0x08003218                DMA_GetCurrDataCounter
                0x08003230                DMA_GetFlagStatus
                0x08003280                DMA_ClearFlag
                0x080032b4                DMA_GetITStatus
                0x08003304                DMA_ClearITPendingBit
 .text          0x08003338      0x248 ..\obj\system_stm32f10x.o
                0x08003338                SystemInit
                0x080033a0                SystemCoreClockUpdate
 .text          0x08003580       0xd0 ..\obj\Gpio.o
                0x08003580                GpioConfig
 .text          0x08003650     0x1e0c ..\obj\stm32f10x_tim.o
                0x08003650                TIM_DeInit
                0x0800387c                TIM_TimeBaseInit
                0x08003974                TIM_OC1Init
                0x08003a8c                TIM_OC2Init
                0x08003b9c                TIM_OC3Init
                0x08003ca8                TIM_OC4Init
                0x08003d78                TIM_ICInit
                0x08003e20                TIM_PWMIConfig
                0x08003ed8                TIM_BDTRConfig
                0x08003f28                TIM_TimeBaseStructInit
                0x08003f5c                TIM_OCStructInit
                0x08003fa0                TIM_ICStructInit
                0x08003fd0                TIM_BDTRStructInit
                0x0800400c                TIM_Cmd
                0x0800404c                TIM_CtrlPWMOutputs
                0x08004098                TIM_ITConfig
                0x080040e0                TIM_GenerateEvent
                0x080040fc                TIM_DMAConfig
                0x08004124                TIM_DMACmd
                0x0800416c                TIM_InternalClockConfig
                0x08004190                TIM_ITRxExternalClockConfig
                0x080041c0                TIM_TIxExternalClockConfig
                0x0800421c                TIM_ETRClockMode1Config
                0x0800427c                TIM_ETRClockMode2Config
                0x080042bc                TIM_ETRConfig
                0x08004310                TIM_PrescalerConfig
                0x08004338                TIM_CounterModeConfig
                0x08004370                TIM_SelectInputTrigger
                0x080043a8                TIM_EncoderInterfaceConfig
                0x08004440                TIM_ForcedOC1Config
                0x08004478                TIM_ForcedOC2Config
                0x080044b4                TIM_ForcedOC3Config
                0x080044ec                TIM_ForcedOC4Config
                0x08004528                TIM_ARRPreloadConfig
                0x08004568                TIM_SelectCOM
                0x080045a8                TIM_SelectCCDMA
                0x080045e8                TIM_CCPreloadControl
                0x08004628                TIM_OC1PreloadConfig
                0x08004660                TIM_OC2PreloadConfig
                0x0800469c                TIM_OC3PreloadConfig
                0x080046d4                TIM_OC4PreloadConfig
                0x08004710                TIM_OC1FastConfig
                0x08004748                TIM_OC2FastConfig
                0x08004784                TIM_OC3FastConfig
                0x080047bc                TIM_OC4FastConfig
                0x080047f8                TIM_ClearOC1Ref
                0x08004830                TIM_ClearOC2Ref
                0x0800486c                TIM_ClearOC3Ref
                0x080048a4                TIM_ClearOC4Ref
                0x080048e0                TIM_OC1PolarityConfig
                0x08004918                TIM_OC1NPolarityConfig
                0x08004950                TIM_OC2PolarityConfig
                0x0800498c                TIM_OC2NPolarityConfig
                0x080049c8                TIM_OC3PolarityConfig
                0x08004a04                TIM_OC3NPolarityConfig
                0x08004a40                TIM_OC4PolarityConfig
                0x08004a7c                TIM_CCxCmd
                0x08004ad4                TIM_CCxNCmd
                0x08004b2c                TIM_SelectOCxM
                0x08004bd8                TIM_UpdateDisableConfig
                0x08004c18                TIM_UpdateRequestConfig
                0x08004c58                TIM_SelectHallSensor
                0x08004c98                TIM_SelectOnePulseMode
                0x08004cd0                TIM_SelectOutputTrigger
                0x08004d08                TIM_SelectSlaveMode
                0x08004d40                TIM_SelectMasterSlaveMode
                0x08004d78                TIM_SetCounter
                0x08004d94                TIM_SetAutoreload
                0x08004db0                TIM_SetCompare1
                0x08004dcc                TIM_SetCompare2
                0x08004de8                TIM_SetCompare3
                0x08004e04                TIM_SetCompare4
                0x08004e24                TIM_SetIC1Prescaler
                0x08004e5c                TIM_SetIC2Prescaler
                0x08004e98                TIM_SetIC3Prescaler
                0x08004ed0                TIM_SetIC4Prescaler
                0x08004f0c                TIM_SetClockDivision
                0x08004f44                TIM_GetCapture1
                0x08004f5c                TIM_GetCapture2
                0x08004f74                TIM_GetCapture3
                0x08004f8c                TIM_GetCapture4
                0x08004fa8                TIM_GetCounter
                0x08004fc0                TIM_GetPrescaler
                0x08004fd8                TIM_GetFlagStatus
                0x08005010                TIM_ClearFlag
                0x08005030                TIM_GetITStatus
                0x08005084                TIM_ClearITPendingBit
 *fill*         0x0800545c        0x4 
 .text          0x08005460      0xf48 ..\obj\Planner.o
                0x08005460                planLineBlock
                0x08005558                setRateDelta
                0x080055c4                replanBlockBufferStructure
                0x0800567c                entrySpeedPlanning
                0x08005728                getCosThetaBetweenTwoVector
                0x08005794                configDirectionBist
                0x080057c4                updatebufferHead
                0x080057f0                saveDataToPlExecutor
                0x08005828                blockMovingExecutionPlaning
                0x08005988                ifNominatStepLessThanZeroRecaculateAccelStep
                0x080059c0                getIntersectionDistance
                0x08005aa8                getNominalStep
                0x08005ac8                getRampStep
                0x08005b14                maxAllowableSpeed
                0x08005b74                convertXYZMovingDistanceToStepAndStoreToArray
                0x08005c1c                determineDirection
                0x08005c78                _labs
                0x08005c94                calculateXYZaxisSteps
                0x08005cd0                getXYZDeltaInSteps
                0x08005d08                getHighestStepsInXYZsteps
                0x08005d34                getDeltaInMilliMeter
                0x08005d64                calculateXYZDeltaInMilliMeterAndStoreToArray
                0x08005dc8                getVectorLength
                0x08005e50                getInverse
                0x08005e6c                estimateNominalRateAndSpeed
                0x08005ed0                getUnitVector
                0x08005f00                calculateUnitVectorForXYZaxisAndStoreToArray
                0x08005f4c                discardCurrentBlock
                0x08005f80                getCurrentBlock
                0x08005fc0                planInit
                0x08006000                nextBlockIndex
                0x08006028                prevBlockIndex
                0x08006050                _ceil
                0x08006088                _floor
                0x080060a0                blockConfig
                0x08006140                estimateAccelStepAndDeccelStep
                0x080061d4                estimateDeccelerationStep
                0x080061e4                estimateAccelerationStep
                0x08006230                _getUnitVector
 .text          0x080063a8      0x6e8 ..\obj\stm32f10x_spi.o
                0x080063a8                SPI_I2S_DeInit
                0x0800641c                SPI_Init
                0x080064a4                I2S_Init
                0x0800660c                SPI_StructInit
                0x08006654                I2S_StructInit
                0x0800668c                SPI_Cmd
                0x080066cc                I2S_Cmd
                0x0800670c                SPI_I2S_ITConfig
                0x0800676c                SPI_I2S_DMACmd
                0x080067b4                SPI_I2S_SendData
                0x080067d0                SPI_I2S_ReceiveData
                0x080067e8                SPI_NSSInternalSoftwareConfig
                0x0800682c                SPI_SSOutputCmd
                0x0800686c                SPI_DataSizeConfig
                0x080068a4                SPI_TransmitCRC
                0x080068c8                SPI_CalculateCRC
                0x08006908                SPI_GetCRC
                0x08006938                SPI_GetCRCPolynomial
                0x08006950                SPI_BiDirectionalLineConfig
                0x08006990                SPI_I2S_GetFlagStatus
                0x080069c8                SPI_I2S_ClearFlag
                0x080069e8                SPI_I2S_GetITStatus
                0x08006a5c                SPI_I2S_ClearITPendingBit
 .text          0x08006a90      0x228 ..\obj\main.o
                0x08006a90                main
                0x08006acc                usartInit
                0x08006b04                motorInfoBufferInit
                0x08006ba0                motorDriveBufferInit
                0x08006bcc                dmaInit
                0x08006c14                timInit
                0x08006c40                spiInit
                0x08006c9c                gpioInit
 .text          0x08006cb8      0x370 c:/program files (x86)/gnu tools arm embedded/5.3 2016q1/bin/../lib/gcc/arm-none-eabi/5.3.1/armv7-m\libgcc.a(_arm_addsubdf3.o)
                0x08006cb8                __aeabi_drsub
                0x08006cc0                __aeabi_dsub
                0x08006cc0                __subdf3
                0x08006cc4                __aeabi_dadd
                0x08006cc4                __adddf3
                0x08006f3c                __floatunsidf
                0x08006f3c                __aeabi_ui2d
                0x08006f5c                __floatsidf
                0x08006f5c                __aeabi_i2d
                0x08006f80                __aeabi_f2d
                0x08006f80                __extendsfdf2
                0x08006fbc                __floatundidf
                0x08006fbc                __aeabi_ul2d
                0x08006fcc                __floatdidf
                0x08006fcc                __aeabi_l2d
 .text          0x08007028      0x424 c:/program files (x86)/gnu tools arm embedded/5.3 2016q1/bin/../lib/gcc/arm-none-eabi/5.3.1/armv7-m\libgcc.a(_arm_muldivdf3.o)
                0x08007028                __aeabi_dmul
                0x08007028                __muldf3
                0x0800727c                __divdf3
                0x0800727c                __aeabi_ddiv
 .text          0x0800744c      0x110 c:/program files (x86)/gnu tools arm embedded/5.3 2016q1/bin/../lib/gcc/arm-none-eabi/5.3.1/armv7-m\libgcc.a(_arm_cmpdf2.o)
                0x0800744c                __gtdf2
                0x0800744c                __gedf2
                0x08007454                __ltdf2
                0x08007454                __ledf2
                0x0800745c                __nedf2
                0x0800745c                __eqdf2
                0x0800745c                __cmpdf2
                0x080074d8                __aeabi_cdrcmple
                0x080074e8                __aeabi_cdcmpeq
                0x080074e8                __aeabi_cdcmple
                0x080074f8                __aeabi_dcmpeq
                0x0800750c                __aeabi_dcmplt
                0x08007520                __aeabi_dcmple
                0x08007534                __aeabi_dcmpge
                0x08007548                __aeabi_dcmpgt
 .text          0x0800755c       0x2c c:/program files (x86)/gnu tools arm embedded/5.3 2016q1/bin/../lib/gcc/arm-none-eabi/5.3.1/armv7-m\libgcc.a(_arm_unorddf2.o)
                0x0800755c                __unorddf2
                0x0800755c                __aeabi_dcmpun
 .text          0x08007588       0x50 c:/program files (x86)/gnu tools arm embedded/5.3 2016q1/bin/../lib/gcc/arm-none-eabi/5.3.1/armv7-m\libgcc.a(_arm_fixdfsi.o)
                0x08007588                __aeabi_d2iz
                0x08007588                __fixdfsi
 .text          0x080075d8       0xa0 c:/program files (x86)/gnu tools arm embedded/5.3 2016q1/bin/../lib/gcc/arm-none-eabi/5.3.1/armv7-m\libgcc.a(_arm_truncdfsf2.o)
                0x080075d8                __truncdfsf2
                0x080075d8                __aeabi_d2f
 .text          0x08007678      0x21c c:/program files (x86)/gnu tools arm embedded/5.3 2016q1/bin/../lib/gcc/arm-none-eabi/5.3.1/armv7-m\libgcc.a(_arm_addsubsf3.o)
                0x08007678                __aeabi_frsub
                0x08007680                __subsf3
                0x08007680                __aeabi_fsub
                0x08007684                __aeabi_fadd
                0x08007684                __addsf3
                0x080077e4                __aeabi_ui2f
                0x080077e4                __floatunsisf
                0x080077ec                __aeabi_i2f
                0x080077ec                __floatsisf
                0x08007808                __aeabi_ul2f
                0x08007808                __floatundisf
                0x08007818                __aeabi_l2f
                0x08007818                __floatdisf
 .text          0x08007894      0x2a0 c:/program files (x86)/gnu tools arm embedded/5.3 2016q1/bin/../lib/gcc/arm-none-eabi/5.3.1/armv7-m\libgcc.a(_arm_muldivsf3.o)
                0x08007894                __mulsf3
                0x08007894                __aeabi_fmul
                0x080079fc                __aeabi_fdiv
                0x080079fc                __divsf3
 .text          0x08007b34       0xec c:/program files (x86)/gnu tools arm embedded/5.3 2016q1/bin/../lib/gcc/arm-none-eabi/5.3.1/armv7-m\libgcc.a(_arm_cmpsf2.o)
                0x08007b34                __gesf2
                0x08007b34                __gtsf2
                0x08007b3c                __lesf2
                0x08007b3c                __ltsf2
                0x08007b44                __nesf2
                0x08007b44                __eqsf2
                0x08007b44                __cmpsf2
                0x08007ba4                __aeabi_cfrcmple
                0x08007bac                __aeabi_cfcmpeq
                0x08007bac                __aeabi_cfcmple
                0x08007bbc                __aeabi_fcmpeq
                0x08007bd0                __aeabi_fcmplt
                0x08007be4                __aeabi_fcmple
                0x08007bf8                __aeabi_fcmpge
                0x08007c0c                __aeabi_fcmpgt
 .text          0x08007c20       0x40 c:/program files (x86)/gnu tools arm embedded/5.3 2016q1/bin/../lib/gcc/arm-none-eabi/5.3.1/armv7-m\libgcc.a(_arm_fixunssfsi.o)
                0x08007c20                __fixunssfsi
                0x08007c20                __aeabi_f2uiz
 .text          0x08007c60       0xec c:/program files (x86)/gnu tools arm embedded/5.3 2016q1/bin/../lib/gcc/arm-none-eabi/5.3.1/../../../../arm-none-eabi/lib/armv7-m\libc.a(lib_a-memcpy.o)
                0x08007c60                memcpy
 .text          0x08007d4c       0x30 c:/program files (x86)/gnu tools arm embedded/5.3 2016q1/bin/../lib/gcc/arm-none-eabi/5.3.1/armv7-m\libgcc.a(_aeabi_uldivmod.o)
                0x08007d4c                __aeabi_uldivmod
 .text          0x08007d7c      0x2ec c:/program files (x86)/gnu tools arm embedded/5.3 2016q1/bin/../lib/gcc/arm-none-eabi/5.3.1/armv7-m\libgcc.a(_udivmoddi4.o)
                0x08007d7c                __udivmoddi4
 .text          0x08008068        0x4 c:/program files (x86)/gnu tools arm embedded/5.3 2016q1/bin/../lib/gcc/arm-none-eabi/5.3.1/armv7-m\libgcc.a(_dvmd_tls.o)
                0x08008068                __aeabi_idiv0
                0x08008068                __aeabi_ldiv0
 *(.text*)
 .text.__libc_init_array
                0x0800806c       0x50 c:/program files (x86)/gnu tools arm embedded/5.3 2016q1/bin/../lib/gcc/arm-none-eabi/5.3.1/../../../../arm-none-eabi/lib/armv7-m\libc.a(lib_a-init.o)
                0x0800806c                __libc_init_array
 .text.memset   0x080080bc       0x9c c:/program files (x86)/gnu tools arm embedded/5.3 2016q1/bin/../lib/gcc/arm-none-eabi/5.3.1/../../../../arm-none-eabi/lib/armv7-m\libc.a(lib_a-memset.o)
                0x080080bc                memset
 .text.startup.register_fini
                0x08008158       0x14 c:/program files (x86)/gnu tools arm embedded/5.3 2016q1/bin/../lib/gcc/arm-none-eabi/5.3.1/../../../../arm-none-eabi/lib/armv7-m\libc.a(lib_a-__call_atexit.o)
 .text.atexit   0x0800816c        0xc c:/program files (x86)/gnu tools arm embedded/5.3 2016q1/bin/../lib/gcc/arm-none-eabi/5.3.1/../../../../arm-none-eabi/lib/armv7-m\libc.a(lib_a-atexit.o)
                0x0800816c                atexit
 .text.__libc_fini_array
                0x08008178       0x28 c:/program files (x86)/gnu tools arm embedded/5.3 2016q1/bin/../lib/gcc/arm-none-eabi/5.3.1/../../../../arm-none-eabi/lib/armv7-m\libc.a(lib_a-fini.o)
                0x08008178                __libc_fini_array
 .text.__register_exitproc
                0x080081a0       0xa4 c:/program files (x86)/gnu tools arm embedded/5.3 2016q1/bin/../lib/gcc/arm-none-eabi/5.3.1/../../../../arm-none-eabi/lib/armv7-m\libc.a(lib_a-__atexit.o)
                0x080081a0                __register_exitproc
 .text.Reset_Handler
                0x08008244       0x48 ..\obj\startup_stm32f103xb.o
                0x08008244                Reset_Handler
 .text.Default_Handler
                0x0800828c        0x2 ..\obj\startup_stm32f103xb.o
                0x0800828c                RTC_Alarm_IRQHandler
                0x0800828c                EXTI2_IRQHandler
                0x0800828c                DebugMon_Handler
                0x0800828c                TIM1_CC_IRQHandler
                0x0800828c                HardFault_Handler
                0x0800828c                SysTick_Handler
                0x0800828c                PVD_IRQHandler
                0x0800828c                PendSV_Handler
                0x0800828c                NMI_Handler
                0x0800828c                EXTI3_IRQHandler
                0x0800828c                EXTI0_IRQHandler
                0x0800828c                I2C2_EV_IRQHandler
                0x0800828c                UsageFault_Handler
                0x0800828c                ADC1_2_IRQHandler
                0x0800828c                SPI1_IRQHandler
                0x0800828c                TAMPER_IRQHandler
                0x0800828c                DMA1_Channel4_IRQHandler
                0x0800828c                USART3_IRQHandler
                0x0800828c                RTC_IRQHandler
                0x0800828c                DMA1_Channel7_IRQHandler
                0x0800828c                CAN1_RX1_IRQHandler
                0x0800828c                TIM4_IRQHandler
                0x0800828c                I2C1_EV_IRQHandler
                0x0800828c                DMA1_Channel6_IRQHandler
                0x0800828c                TIM3_IRQHandler
                0x0800828c                RCC_IRQHandler
                0x0800828c                TIM1_TRG_COM_IRQHandler
                0x0800828c                DMA1_Channel1_IRQHandler
                0x0800828c                Default_Handler
                0x0800828c                EXTI15_10_IRQHandler
                0x0800828c                EXTI9_5_IRQHandler
                0x0800828c                SPI2_IRQHandler
                0x0800828c                MemManage_Handler
                0x0800828c                SVC_Handler
                0x0800828c                DMA1_Channel5_IRQHandler
                0x0800828c                EXTI4_IRQHandler
                0x0800828c                USB_LP_CAN1_RX0_IRQHandler
                0x0800828c                USB_HP_CAN1_TX_IRQHandler
                0x0800828c                TIM1_UP_IRQHandler
                0x0800828c                WWDG_IRQHandler
                0x0800828c                TIM1_BRK_IRQHandler
                0x0800828c                EXTI1_IRQHandler
                0x0800828c                USART2_IRQHandler
                0x0800828c                I2C2_ER_IRQHandler
                0x0800828c                DMA1_Channel2_IRQHandler
                0x0800828c                CAN1_SCE_IRQHandler
                0x0800828c                FLASH_IRQHandler
                0x0800828c                BusFault_Handler
                0x0800828c                I2C1_ER_IRQHandler
                0x0800828c                USBWakeUp_IRQHandler
 *fill*         0x0800828e        0x2 
 .text.sqrt     0x08008290       0xb8 c:/program files (x86)/gnu tools arm embedded/5.3 2016q1/bin/../lib/gcc/arm-none-eabi/5.3.1/../../../../arm-none-eabi/lib/armv7-m\libm.a(lib_a-w_sqrt.o)
                0x08008290                sqrt
 .text.__ieee754_sqrt
                0x08008348      0x188 c:/program files (x86)/gnu tools arm embedded/5.3 2016q1/bin/../lib/gcc/arm-none-eabi/5.3.1/../../../../arm-none-eabi/lib/armv7-m\libm.a(lib_a-e_sqrt.o)
                0x08008348                __ieee754_sqrt
 .text.matherr  0x080084d0        0x4 c:/program files (x86)/gnu tools arm embedded/5.3 2016q1/bin/../lib/gcc/arm-none-eabi/5.3.1/../../../../arm-none-eabi/lib/armv7-m\libm.a(lib_a-s_matherr.o)
                0x080084d0                matherr
 .text.__errno  0x080084d4        0xc c:/program files (x86)/gnu tools arm embedded/5.3 2016q1/bin/../lib/gcc/arm-none-eabi/5.3.1/../../../../arm-none-eabi/lib/armv7-m\libc.a(lib_a-errno.o)
                0x080084d4                __errno
 .text.malloc   0x080084e0       0x10 c:/program files (x86)/gnu tools arm embedded/5.3 2016q1/bin/../lib/gcc/arm-none-eabi/5.3.1/../../../../arm-none-eabi/lib/armv7-m\libc.a(lib_a-malloc.o)
                0x080084e0                malloc
 .text._malloc_r
                0x080084f0      0x558 c:/program files (x86)/gnu tools arm embedded/5.3 2016q1/bin/../lib/gcc/arm-none-eabi/5.3.1/../../../../arm-none-eabi/lib/armv7-m\libc.a(lib_a-mallocr.o)
                0x080084f0                _malloc_r
 .text.__malloc_lock
                0x08008a48        0x4 c:/program files (x86)/gnu tools arm embedded/5.3 2016q1/bin/../lib/gcc/arm-none-eabi/5.3.1/../../../../arm-none-eabi/lib/armv7-m\libc.a(lib_a-mlock.o)
                0x08008a48                __malloc_lock
 .text.__malloc_unlock
                0x08008a4c        0x4 c:/program files (x86)/gnu tools arm embedded/5.3 2016q1/bin/../lib/gcc/arm-none-eabi/5.3.1/../../../../arm-none-eabi/lib/armv7-m\libc.a(lib_a-mlock.o)
                0x08008a4c                __malloc_unlock
 .text.printf   0x08008a50       0x28 c:/program files (x86)/gnu tools arm embedded/5.3 2016q1/bin/../lib/gcc/arm-none-eabi/5.3.1/../../../../arm-none-eabi/lib/armv7-m\libc.a(lib_a-printf.o)
                0x08008a50                printf
 .text._sbrk_r  0x08008a78       0x24 c:/program files (x86)/gnu tools arm embedded/5.3 2016q1/bin/../lib/gcc/arm-none-eabi/5.3.1/../../../../arm-none-eabi/lib/armv7-m\libc.a(lib_a-sbrkr.o)
                0x08008a78                _sbrk_r
 .text._vfprintf_r
                0x08008a9c     0x1788 c:/program files (x86)/gnu tools arm embedded/5.3 2016q1/bin/../lib/gcc/arm-none-eabi/5.3.1/../../../../arm-none-eabi/lib/armv7-m\libc.a(lib_a-vfprintf.o)
                0x08008a9c                _vfprintf_r
 .text.__sbprintf
                0x0800a224       0x6c c:/program files (x86)/gnu tools arm embedded/5.3 2016q1/bin/../lib/gcc/arm-none-eabi/5.3.1/../../../../arm-none-eabi/lib/armv7-m\libc.a(lib_a-vfprintf.o)
 .text.__swsetup_r
                0x0800a290       0xc8 c:/program files (x86)/gnu tools arm embedded/5.3 2016q1/bin/../lib/gcc/arm-none-eabi/5.3.1/../../../../arm-none-eabi/lib/armv7-m\libc.a(lib_a-wsetup.o)
                0x0800a290                __swsetup_r
 .text.quorem   0x0800a358      0x12c c:/program files (x86)/gnu tools arm embedded/5.3 2016q1/bin/../lib/gcc/arm-none-eabi/5.3.1/../../../../arm-none-eabi/lib/armv7-m\libc.a(lib_a-dtoa.o)
 *fill*         0x0800a484        0x4 
 .text._dtoa_r  0x0800a488      0xe4c c:/program files (x86)/gnu tools arm embedded/5.3 2016q1/bin/../lib/gcc/arm-none-eabi/5.3.1/../../../../arm-none-eabi/lib/armv7-m\libc.a(lib_a-dtoa.o)
                0x0800a488                _dtoa_r
 .text.__sflush_r
                0x0800b2d4      0x148 c:/program files (x86)/gnu tools arm embedded/5.3 2016q1/bin/../lib/gcc/arm-none-eabi/5.3.1/../../../../arm-none-eabi/lib/armv7-m\libc.a(lib_a-fflush.o)
                0x0800b2d4                __sflush_r
 .text._fflush_r
                0x0800b41c       0x2c c:/program files (x86)/gnu tools arm embedded/5.3 2016q1/bin/../lib/gcc/arm-none-eabi/5.3.1/../../../../arm-none-eabi/lib/armv7-m\libc.a(lib_a-fflush.o)
                0x0800b41c                _fflush_r
 .text._cleanup_r
                0x0800b448        0xc c:/program files (x86)/gnu tools arm embedded/5.3 2016q1/bin/../lib/gcc/arm-none-eabi/5.3.1/../../../../arm-none-eabi/lib/armv7-m\libc.a(lib_a-findfp.o)
                0x0800b448                _cleanup_r
 .text.__sinit.part.1
                0x0800b454       0xf0 c:/program files (x86)/gnu tools arm embedded/5.3 2016q1/bin/../lib/gcc/arm-none-eabi/5.3.1/../../../../arm-none-eabi/lib/armv7-m\libc.a(lib_a-findfp.o)
 .text.__sinit  0x0800b544        0xc c:/program files (x86)/gnu tools arm embedded/5.3 2016q1/bin/../lib/gcc/arm-none-eabi/5.3.1/../../../../arm-none-eabi/lib/armv7-m\libc.a(lib_a-findfp.o)
                0x0800b544                __sinit
 .text.__sfp_lock_acquire
                0x0800b550        0x4 c:/program files (x86)/gnu tools arm embedded/5.3 2016q1/bin/../lib/gcc/arm-none-eabi/5.3.1/../../../../arm-none-eabi/lib/armv7-m\libc.a(lib_a-findfp.o)
                0x0800b550                __sfp_lock_acquire
 .text.__sfp_lock_release
                0x0800b554        0x4 c:/program files (x86)/gnu tools arm embedded/5.3 2016q1/bin/../lib/gcc/arm-none-eabi/5.3.1/../../../../arm-none-eabi/lib/armv7-m\libc.a(lib_a-findfp.o)
                0x0800b554                __sfp_lock_release
 .text._malloc_trim_r
                0x0800b558       0x9c c:/program files (x86)/gnu tools arm embedded/5.3 2016q1/bin/../lib/gcc/arm-none-eabi/5.3.1/../../../../arm-none-eabi/lib/armv7-m\libc.a(lib_a-freer.o)
                0x0800b558                _malloc_trim_r
 .text._free_r  0x0800b5f4      0x1d0 c:/program files (x86)/gnu tools arm embedded/5.3 2016q1/bin/../lib/gcc/arm-none-eabi/5.3.1/../../../../arm-none-eabi/lib/armv7-m\libc.a(lib_a-freer.o)
                0x0800b5f4                _free_r
 .text._fwalk_reent
                0x0800b7c4       0x50 c:/program files (x86)/gnu tools arm embedded/5.3 2016q1/bin/../lib/gcc/arm-none-eabi/5.3.1/../../../../arm-none-eabi/lib/armv7-m\libc.a(lib_a-fwalk.o)
                0x0800b7c4                _fwalk_reent
 .text.__locale_charset
                0x0800b814        0x8 c:/program files (x86)/gnu tools arm embedded/5.3 2016q1/bin/../lib/gcc/arm-none-eabi/5.3.1/../../../../arm-none-eabi/lib/armv7-m\libc.a(lib_a-locale.o)
                0x0800b814                __locale_charset
 .text.__locale_mb_cur_max
                0x0800b81c        0xc c:/program files (x86)/gnu tools arm embedded/5.3 2016q1/bin/../lib/gcc/arm-none-eabi/5.3.1/../../../../arm-none-eabi/lib/armv7-m\libc.a(lib_a-locale.o)
                0x0800b81c                __locale_mb_cur_max
 .text._localeconv_r
                0x0800b828        0x8 c:/program files (x86)/gnu tools arm embedded/5.3 2016q1/bin/../lib/gcc/arm-none-eabi/5.3.1/../../../../arm-none-eabi/lib/armv7-m\libc.a(lib_a-locale.o)
                0x0800b828                _localeconv_r
 .text.__swhatbuf_r
                0x0800b830       0x60 c:/program files (x86)/gnu tools arm embedded/5.3 2016q1/bin/../lib/gcc/arm-none-eabi/5.3.1/../../../../arm-none-eabi/lib/armv7-m\libc.a(lib_a-makebuf.o)
                0x0800b830                __swhatbuf_r
 .text.__smakebuf_r
                0x0800b890       0x88 c:/program files (x86)/gnu tools arm embedded/5.3 2016q1/bin/../lib/gcc/arm-none-eabi/5.3.1/../../../../arm-none-eabi/lib/armv7-m\libc.a(lib_a-makebuf.o)
                0x0800b890                __smakebuf_r
 .text.memchr   0x0800b918       0x8c c:/program files (x86)/gnu tools arm embedded/5.3 2016q1/bin/../lib/gcc/arm-none-eabi/5.3.1/../../../../arm-none-eabi/lib/armv7-m\libc.a(lib_a-memchr-stub.o)
                0x0800b918                memchr
 .text._Balloc  0x0800b9a4       0x50 c:/program files (x86)/gnu tools arm embedded/5.3 2016q1/bin/../lib/gcc/arm-none-eabi/5.3.1/../../../../arm-none-eabi/lib/armv7-m\libc.a(lib_a-mprec.o)
                0x0800b9a4                _Balloc
 .text._Bfree   0x0800b9f4       0x14 c:/program files (x86)/gnu tools arm embedded/5.3 2016q1/bin/../lib/gcc/arm-none-eabi/5.3.1/../../../../arm-none-eabi/lib/armv7-m\libc.a(lib_a-mprec.o)
                0x0800b9f4                _Bfree
 .text.__multadd
                0x0800ba08       0x80 c:/program files (x86)/gnu tools arm embedded/5.3 2016q1/bin/../lib/gcc/arm-none-eabi/5.3.1/../../../../arm-none-eabi/lib/armv7-m\libc.a(lib_a-mprec.o)
                0x0800ba08                __multadd
 .text.__hi0bits
                0x0800ba88       0x40 c:/program files (x86)/gnu tools arm embedded/5.3 2016q1/bin/../lib/gcc/arm-none-eabi/5.3.1/../../../../arm-none-eabi/lib/armv7-m\libc.a(lib_a-mprec.o)
                0x0800ba88                __hi0bits
 .text.__lo0bits
                0x0800bac8       0x5c c:/program files (x86)/gnu tools arm embedded/5.3 2016q1/bin/../lib/gcc/arm-none-eabi/5.3.1/../../../../arm-none-eabi/lib/armv7-m\libc.a(lib_a-mprec.o)
                0x0800bac8                __lo0bits
 .text.__i2b    0x0800bb24       0x14 c:/program files (x86)/gnu tools arm embedded/5.3 2016q1/bin/../lib/gcc/arm-none-eabi/5.3.1/../../../../arm-none-eabi/lib/armv7-m\libc.a(lib_a-mprec.o)
                0x0800bb24                __i2b
 .text.__multiply
                0x0800bb38      0x13c c:/program files (x86)/gnu tools arm embedded/5.3 2016q1/bin/../lib/gcc/arm-none-eabi/5.3.1/../../../../arm-none-eabi/lib/armv7-m\libc.a(lib_a-mprec.o)
                0x0800bb38                __multiply
 .text.__pow5mult
                0x0800bc74       0xa0 c:/program files (x86)/gnu tools arm embedded/5.3 2016q1/bin/../lib/gcc/arm-none-eabi/5.3.1/../../../../arm-none-eabi/lib/armv7-m\libc.a(lib_a-mprec.o)
                0x0800bc74                __pow5mult
 .text.__lshift
                0x0800bd14       0xac c:/program files (x86)/gnu tools arm embedded/5.3 2016q1/bin/../lib/gcc/arm-none-eabi/5.3.1/../../../../arm-none-eabi/lib/armv7-m\libc.a(lib_a-mprec.o)
                0x0800bd14                __lshift
 .text.__mcmp   0x0800bdc0       0x40 c:/program files (x86)/gnu tools arm embedded/5.3 2016q1/bin/../lib/gcc/arm-none-eabi/5.3.1/../../../../arm-none-eabi/lib/armv7-m\libc.a(lib_a-mprec.o)
                0x0800bdc0                __mcmp
 .text.__mdiff  0x0800be00      0x128 c:/program files (x86)/gnu tools arm embedded/5.3 2016q1/bin/../lib/gcc/arm-none-eabi/5.3.1/../../../../arm-none-eabi/lib/armv7-m\libc.a(lib_a-mprec.o)
                0x0800be00                __mdiff
 .text.__d2b    0x0800bf28       0xa8 c:/program files (x86)/gnu tools arm embedded/5.3 2016q1/bin/../lib/gcc/arm-none-eabi/5.3.1/../../../../arm-none-eabi/lib/armv7-m\libc.a(lib_a-mprec.o)
                0x0800bf28                __d2b
 .text.__sread  0x0800bfd0       0x24 c:/program files (x86)/gnu tools arm embedded/5.3 2016q1/bin/../lib/gcc/arm-none-eabi/5.3.1/../../../../arm-none-eabi/lib/armv7-m\libc.a(lib_a-stdio.o)
                0x0800bfd0                __sread
 .text.__swrite
                0x0800bff4       0x3c c:/program files (x86)/gnu tools arm embedded/5.3 2016q1/bin/../lib/gcc/arm-none-eabi/5.3.1/../../../../arm-none-eabi/lib/armv7-m\libc.a(lib_a-stdio.o)
                0x0800bff4                __swrite
 .text.__sseek  0x0800c030       0x20 c:/program files (x86)/gnu tools arm embedded/5.3 2016q1/bin/../lib/gcc/arm-none-eabi/5.3.1/../../../../arm-none-eabi/lib/armv7-m\libc.a(lib_a-stdio.o)
                0x0800c030                __sseek
 .text.__sclose
                0x0800c050        0x8 c:/program files (x86)/gnu tools arm embedded/5.3 2016q1/bin/../lib/gcc/arm-none-eabi/5.3.1/../../../../arm-none-eabi/lib/armv7-m\libc.a(lib_a-stdio.o)
                0x0800c050                __sclose
 .text.strlen   0x0800c058       0x5c c:/program files (x86)/gnu tools arm embedded/5.3 2016q1/bin/../lib/gcc/arm-none-eabi/5.3.1/../../../../arm-none-eabi/lib/armv7-m\libc.a(lib_a-strlen-stub.o)
                0x0800c058                strlen
 .text.__sprint_r.part.0
                0x0800c0b4       0x78 c:/program files (x86)/gnu tools arm embedded/5.3 2016q1/bin/../lib/gcc/arm-none-eabi/5.3.1/../../../../arm-none-eabi/lib/armv7-m\libc.a(lib_a-vfiprintf.o)
 .text.__sprint_r
                0x0800c12c       0x14 c:/program files (x86)/gnu tools arm embedded/5.3 2016q1/bin/../lib/gcc/arm-none-eabi/5.3.1/../../../../arm-none-eabi/lib/armv7-m\libc.a(lib_a-vfiprintf.o)
                0x0800c12c                __sprint_r
 .text._write_r
                0x0800c140       0x2c c:/program files (x86)/gnu tools arm embedded/5.3 2016q1/bin/../lib/gcc/arm-none-eabi/5.3.1/../../../../arm-none-eabi/lib/armv7-m\libc.a(lib_a-writer.o)
                0x0800c140                _write_r
 .text._calloc_r
                0x0800c16c       0x60 c:/program files (x86)/gnu tools arm embedded/5.3 2016q1/bin/../lib/gcc/arm-none-eabi/5.3.1/../../../../arm-none-eabi/lib/armv7-m\libc.a(lib_a-callocr.o)
                0x0800c16c                _calloc_r
 .text._close_r
                0x0800c1cc       0x24 c:/program files (x86)/gnu tools arm embedded/5.3 2016q1/bin/../lib/gcc/arm-none-eabi/5.3.1/../../../../arm-none-eabi/lib/armv7-m\libc.a(lib_a-closer.o)
                0x0800c1cc                _close_r
 .text._fclose_r
                0x0800c1f0       0x84 c:/program files (x86)/gnu tools arm embedded/5.3 2016q1/bin/../lib/gcc/arm-none-eabi/5.3.1/../../../../arm-none-eabi/lib/armv7-m\libc.a(lib_a-fclose.o)
                0x0800c1f0                _fclose_r
 .text.__fputwc
                0x0800c274       0x94 c:/program files (x86)/gnu tools arm embedded/5.3 2016q1/bin/../lib/gcc/arm-none-eabi/5.3.1/../../../../arm-none-eabi/lib/armv7-m\libc.a(lib_a-fputwc.o)
                0x0800c274                __fputwc
 .text._fputwc_r
                0x0800c308       0x24 c:/program files (x86)/gnu tools arm embedded/5.3 2016q1/bin/../lib/gcc/arm-none-eabi/5.3.1/../../../../arm-none-eabi/lib/armv7-m\libc.a(lib_a-fputwc.o)
                0x0800c308                _fputwc_r
 .text._fstat_r
                0x0800c32c       0x28 c:/program files (x86)/gnu tools arm embedded/5.3 2016q1/bin/../lib/gcc/arm-none-eabi/5.3.1/../../../../arm-none-eabi/lib/armv7-m\libc.a(lib_a-fstatr.o)
                0x0800c32c                _fstat_r
 .text.__sfvwrite_r
                0x0800c354      0x308 c:/program files (x86)/gnu tools arm embedded/5.3 2016q1/bin/../lib/gcc/arm-none-eabi/5.3.1/../../../../arm-none-eabi/lib/armv7-m\libc.a(lib_a-fvwrite.o)
                0x0800c354                __sfvwrite_r
 .text._isatty_r
                0x0800c65c       0x24 c:/program files (x86)/gnu tools arm embedded/5.3 2016q1/bin/../lib/gcc/arm-none-eabi/5.3.1/../../../../arm-none-eabi/lib/armv7-m\libc.a(lib_a-isattyr.o)
                0x0800c65c                _isatty_r
 .text._lseek_r
                0x0800c680       0x2c c:/program files (x86)/gnu tools arm embedded/5.3 2016q1/bin/../lib/gcc/arm-none-eabi/5.3.1/../../../../arm-none-eabi/lib/armv7-m\libc.a(lib_a-lseekr.o)
                0x0800c680                _lseek_r
 .text.memmove  0x0800c6ac       0xc8 c:/program files (x86)/gnu tools arm embedded/5.3 2016q1/bin/../lib/gcc/arm-none-eabi/5.3.1/../../../../arm-none-eabi/lib/armv7-m\libc.a(lib_a-memmove.o)
                0x0800c6ac                memmove
 .text._read_r  0x0800c774       0x2c c:/program files (x86)/gnu tools arm embedded/5.3 2016q1/bin/../lib/gcc/arm-none-eabi/5.3.1/../../../../arm-none-eabi/lib/armv7-m\libc.a(lib_a-readr.o)
                0x0800c774                _read_r
 .text._realloc_r
                0x0800c7a0      0x3d4 c:/program files (x86)/gnu tools arm embedded/5.3 2016q1/bin/../lib/gcc/arm-none-eabi/5.3.1/../../../../arm-none-eabi/lib/armv7-m\libc.a(lib_a-reallocr.o)
                0x0800c7a0                _realloc_r
 .text.__swbuf_r
                0x0800cb74       0xac c:/program files (x86)/gnu tools arm embedded/5.3 2016q1/bin/../lib/gcc/arm-none-eabi/5.3.1/../../../../arm-none-eabi/lib/armv7-m\libc.a(lib_a-wbuf.o)
                0x0800cb74                __swbuf_r
 .text._wcrtomb_r
                0x0800cc20       0x54 c:/program files (x86)/gnu tools arm embedded/5.3 2016q1/bin/../lib/gcc/arm-none-eabi/5.3.1/../../../../arm-none-eabi/lib/armv7-m\libc.a(lib_a-wcrtomb.o)
                0x0800cc20                _wcrtomb_r
 .text.__ascii_wctomb
                0x0800cc74       0x1c c:/program files (x86)/gnu tools arm embedded/5.3 2016q1/bin/../lib/gcc/arm-none-eabi/5.3.1/../../../../arm-none-eabi/lib/armv7-m\libc.a(lib_a-wctomb_r.o)
                0x0800cc74                __ascii_wctomb
 *(.glue_7)
 .glue_7        0x0800cc90        0x0 linker stubs
 *(.glue_7t)
 .glue_7t       0x0800cc90        0x0 linker stubs
 *(.eh_frame)
 .eh_frame      0x0800cc90        0x0 c:/program files (x86)/gnu tools arm embedded/5.3 2016q1/bin/../lib/gcc/arm-none-eabi/5.3.1/armv7-m/crtbegin.o
 *(.init)
 .init          0x0800cc90        0x4 c:/program files (x86)/gnu tools arm embedded/5.3 2016q1/bin/../lib/gcc/arm-none-eabi/5.3.1/armv7-m/crti.o
                0x0800cc90                _init
 .init          0x0800cc94        0x8 c:/program files (x86)/gnu tools arm embedded/5.3 2016q1/bin/../lib/gcc/arm-none-eabi/5.3.1/armv7-m/crtn.o
 *(.fini)
 .fini          0x0800cc9c        0x4 c:/program files (x86)/gnu tools arm embedded/5.3 2016q1/bin/../lib/gcc/arm-none-eabi/5.3.1/armv7-m/crti.o
                0x0800cc9c                _fini
 .fini          0x0800cca0        0x8 c:/program files (x86)/gnu tools arm embedded/5.3 2016q1/bin/../lib/gcc/arm-none-eabi/5.3.1/armv7-m/crtn.o
                0x0800cca8                . = ALIGN (0x4)
                0x0800cca8                _etext = .

.vfp11_veneer   0x0800cca8        0x0
 .vfp11_veneer  0x0800cca8        0x0 linker stubs

.v4_bx          0x0800cca8        0x0
 .v4_bx         0x0800cca8        0x0 linker stubs

.iplt           0x0800cca8        0x0
 .iplt          0x0800cca8        0x0 c:/program files (x86)/gnu tools arm embedded/5.3 2016q1/bin/../lib/gcc/arm-none-eabi/5.3.1/armv7-m/crtbegin.o

.rodata         0x0800cca8      0x214
                0x0800cca8                . = ALIGN (0x4)
 *(.rodata)
 .rodata        0x0800cca8        0x3 ..\obj\Protocol.o
 *fill*         0x0800ccab        0x1 
 .rodata        0x0800ccac        0x3 ..\obj\Stepper.o
 *fill*         0x0800ccaf        0x1 
 .rodata        0x0800ccb0       0x13 ..\obj\Usart.o
 *fill*         0x0800ccc3        0x1 
 .rodata        0x0800ccc4       0x68 ..\obj\Planner.o
 *(.rodata*)
 .rodata.str1.4
                0x0800cd2c        0x2 c:/program files (x86)/gnu tools arm embedded/5.3 2016q1/bin/../lib/gcc/arm-none-eabi/5.3.1/../../../../arm-none-eabi/lib/armv7-m\libc.a(lib_a-impure.o)
 *fill*         0x0800cd2e        0x2 
 .rodata._global_impure_ptr
                0x0800cd30        0x4 c:/program files (x86)/gnu tools arm embedded/5.3 2016q1/bin/../lib/gcc/arm-none-eabi/5.3.1/../../../../arm-none-eabi/lib/armv7-m\libc.a(lib_a-impure.o)
                0x0800cd30                _global_impure_ptr
 .rodata.str1.4
                0x0800cd34        0x5 c:/program files (x86)/gnu tools arm embedded/5.3 2016q1/bin/../lib/gcc/arm-none-eabi/5.3.1/../../../../arm-none-eabi/lib/armv7-m\libm.a(lib_a-w_sqrt.o)
 *fill*         0x0800cd39        0x3 
 .rodata.zeroes.7050
                0x0800cd3c       0x10 c:/program files (x86)/gnu tools arm embedded/5.3 2016q1/bin/../lib/gcc/arm-none-eabi/5.3.1/../../../../arm-none-eabi/lib/armv7-m\libc.a(lib_a-vfprintf.o)
 .rodata.str1.4
                0x0800cd4c       0x42 c:/program files (x86)/gnu tools arm embedded/5.3 2016q1/bin/../lib/gcc/arm-none-eabi/5.3.1/../../../../arm-none-eabi/lib/armv7-m\libc.a(lib_a-vfprintf.o)
 *fill*         0x0800cd8e        0x2 
 .rodata.blanks.7049
                0x0800cd90       0x10 c:/program files (x86)/gnu tools arm embedded/5.3 2016q1/bin/../lib/gcc/arm-none-eabi/5.3.1/../../../../arm-none-eabi/lib/armv7-m\libc.a(lib_a-vfprintf.o)
 .rodata.str1.4
                0x0800cda0       0x10 c:/program files (x86)/gnu tools arm embedded/5.3 2016q1/bin/../lib/gcc/arm-none-eabi/5.3.1/../../../../arm-none-eabi/lib/armv7-m\libc.a(lib_a-dtoa.o)
                                 0x12 (size before relaxing)
 .rodata.str1.4
                0x0800cdb0        0xc c:/program files (x86)/gnu tools arm embedded/5.3 2016q1/bin/../lib/gcc/arm-none-eabi/5.3.1/../../../../arm-none-eabi/lib/armv7-m\libc.a(lib_a-locale.o)
                                 0x12 (size before relaxing)
 *fill*         0x0800cdbc        0x4 
 .rodata.__mprec_tens
                0x0800cdc0       0xc8 c:/program files (x86)/gnu tools arm embedded/5.3 2016q1/bin/../lib/gcc/arm-none-eabi/5.3.1/../../../../arm-none-eabi/lib/armv7-m\libc.a(lib_a-mprec.o)
                0x0800cdc0                __mprec_tens
 .rodata.__mprec_bigtens
                0x0800ce88       0x28 c:/program files (x86)/gnu tools arm embedded/5.3 2016q1/bin/../lib/gcc/arm-none-eabi/5.3.1/../../../../arm-none-eabi/lib/armv7-m\libc.a(lib_a-mprec.o)
                0x0800ce88                __mprec_bigtens
 .rodata.p05.5373
                0x0800ceb0        0xc c:/program files (x86)/gnu tools arm embedded/5.3 2016q1/bin/../lib/gcc/arm-none-eabi/5.3.1/../../../../arm-none-eabi/lib/armv7-m\libc.a(lib_a-mprec.o)
                0x0800cebc                . = ALIGN (0x4)

.ARM.extab
 *(.ARM.extab* .gnu.linkonce.armextab.*)

.ARM            0x0800cebc        0x8
                0x0800cebc                __exidx_start = .
 *(.ARM.exidx*)
 .ARM.exidx     0x0800cebc        0x8 c:/program files (x86)/gnu tools arm embedded/5.3 2016q1/bin/../lib/gcc/arm-none-eabi/5.3.1/armv7-m\libgcc.a(_udivmoddi4.o)
                0x0800cec4                __exidx_end = .

.rel.dyn        0x0800cec4        0x0
 .rel.iplt      0x0800cec4        0x0 c:/program files (x86)/gnu tools arm embedded/5.3 2016q1/bin/../lib/gcc/arm-none-eabi/5.3.1/armv7-m/crtbegin.o

.preinit_array  0x0800cec4        0x0
                0x0800cec4                PROVIDE (__preinit_array_start, .)
 *(.preinit_array*)
                0x0800cec4                PROVIDE (__preinit_array_end, .)

.init_array     0x0800cec4        0x8
                0x0800cec4                PROVIDE (__init_array_start, .)
 *(SORT(.init_array.*))
 .init_array.00000
                0x0800cec4        0x4 c:/program files (x86)/gnu tools arm embedded/5.3 2016q1/bin/../lib/gcc/arm-none-eabi/5.3.1/../../../../arm-none-eabi/lib/armv7-m\libc.a(lib_a-__call_atexit.o)
 *(.init_array*)
 .init_array    0x0800cec8        0x4 c:/program files (x86)/gnu tools arm embedded/5.3 2016q1/bin/../lib/gcc/arm-none-eabi/5.3.1/armv7-m/crtbegin.o
                0x0800cecc                PROVIDE (__init_array_end, .)

.fini_array     0x0800cecc        0x4
                0x0800cecc                PROVIDE (__fini_array_start, .)
 *(SORT(.fini_array.*))
 *(.fini_array*)
 .fini_array    0x0800cecc        0x4 c:/program files (x86)/gnu tools arm embedded/5.3 2016q1/bin/../lib/gcc/arm-none-eabi/5.3.1/armv7-m/crtbegin.o
                0x0800ced0                PROVIDE (__fini_array_end, .)
                0x0800ced0                _sidata = LOADADDR (.data)

.data           0x20000000      0x8c8 load address 0x0800ced0
                0x20000000                . = ALIGN (0x4)
                0x20000000                _sdata = .
 *(.data)
 .data          0x20000000       0x14 ..\obj\stm32f10x_rcc.o
 .data          0x20000014       0x14 ..\obj\system_stm32f10x.o
                0x20000014                SystemCoreClock
                0x20000018                AHBPrescTable
 *(.data*)
 .data.impure_data
                0x20000028      0x428 c:/program files (x86)/gnu tools arm embedded/5.3 2016q1/bin/../lib/gcc/arm-none-eabi/5.3.1/../../../../arm-none-eabi/lib/armv7-m\libc.a(lib_a-impure.o)
 .data._impure_ptr
                0x20000450        0x4 c:/program files (x86)/gnu tools arm embedded/5.3 2016q1/bin/../lib/gcc/arm-none-eabi/5.3.1/../../../../arm-none-eabi/lib/armv7-m\libc.a(lib_a-impure.o)
                0x20000450                _impure_ptr
 .data.__fdlib_version
                0x20000454        0x1 c:/program files (x86)/gnu tools arm embedded/5.3 2016q1/bin/../lib/gcc/arm-none-eabi/5.3.1/../../../../arm-none-eabi/lib/armv7-m\libm.a(lib_a-s_lib_ver.o)
                0x20000454                __fdlib_version
 *fill*         0x20000455        0x3 
 .data.__malloc_av_
                0x20000458      0x408 c:/program files (x86)/gnu tools arm embedded/5.3 2016q1/bin/../lib/gcc/arm-none-eabi/5.3.1/../../../../arm-none-eabi/lib/armv7-m\libc.a(lib_a-mallocr.o)
                0x20000458                __malloc_av_
 .data.__malloc_trim_threshold
                0x20000860        0x4 c:/program files (x86)/gnu tools arm embedded/5.3 2016q1/bin/../lib/gcc/arm-none-eabi/5.3.1/../../../../arm-none-eabi/lib/armv7-m\libc.a(lib_a-mallocr.o)
                0x20000860                __malloc_trim_threshold
 .data.__malloc_sbrk_base
                0x20000864        0x4 c:/program files (x86)/gnu tools arm embedded/5.3 2016q1/bin/../lib/gcc/arm-none-eabi/5.3.1/../../../../arm-none-eabi/lib/armv7-m\libc.a(lib_a-mallocr.o)
                0x20000864                __malloc_sbrk_base
 .data.lconv    0x20000868       0x38 c:/program files (x86)/gnu tools arm embedded/5.3 2016q1/bin/../lib/gcc/arm-none-eabi/5.3.1/../../../../arm-none-eabi/lib/armv7-m\libc.a(lib_a-locale.o)
 .data.lc_ctype_charset
                0x200008a0       0x20 c:/program files (x86)/gnu tools arm embedded/5.3 2016q1/bin/../lib/gcc/arm-none-eabi/5.3.1/../../../../arm-none-eabi/lib/armv7-m\libc.a(lib_a-locale.o)
 .data.__mb_cur_max
                0x200008c0        0x4 c:/program files (x86)/gnu tools arm embedded/5.3 2016q1/bin/../lib/gcc/arm-none-eabi/5.3.1/../../../../arm-none-eabi/lib/armv7-m\libc.a(lib_a-locale.o)
                0x200008c0                __mb_cur_max
 .data.__wctomb
                0x200008c4        0x4 c:/program files (x86)/gnu tools arm embedded/5.3 2016q1/bin/../lib/gcc/arm-none-eabi/5.3.1/../../../../arm-none-eabi/lib/armv7-m\libc.a(lib_a-wctomb_r.o)
                0x200008c4                __wctomb
                0x200008c8                . = ALIGN (0x4)
                0x200008c8                _edata = .

.jcr            0x200008c8        0x0 load address 0x0800d798
 .jcr           0x200008c8        0x0 c:/program files (x86)/gnu tools arm embedded/5.3 2016q1/bin/../lib/gcc/arm-none-eabi/5.3.1/armv7-m/crtbegin.o

.igot.plt       0x200008c8        0x0 load address 0x0800d798
 .igot.plt      0x200008c8        0x0 c:/program files (x86)/gnu tools arm embedded/5.3 2016q1/bin/../lib/gcc/arm-none-eabi/5.3.1/armv7-m/crtbegin.o
                0x200008c8                . = ALIGN (0x4)

.bss            0x200008c8      0x728 load address 0x0800d798
                0x200008c8                _sbss = .
                0x200008c8                __bss_start__ = _sbss
 *(.bss)
 .bss           0x200008c8       0x1c c:/program files (x86)/gnu tools arm embedded/5.3 2016q1/bin/../lib/gcc/arm-none-eabi/5.3.1/armv7-m/crtbegin.o
 .bss           0x200008e4        0x8 ..\obj\syscalls.o
                0x200008e4                __env
 .bss           0x200008ec        0x4 ..\obj\Stepper.o
                0x200008ec                stepsAcc
 *(.bss*)
 .bss.__malloc_max_total_mem
                0x200008f0        0x4 c:/program files (x86)/gnu tools arm embedded/5.3 2016q1/bin/../lib/gcc/arm-none-eabi/5.3.1/../../../../arm-none-eabi/lib/armv7-m\libc.a(lib_a-mallocr.o)
                0x200008f0                __malloc_max_total_mem
 .bss.__malloc_max_sbrked_mem
                0x200008f4        0x4 c:/program files (x86)/gnu tools arm embedded/5.3 2016q1/bin/../lib/gcc/arm-none-eabi/5.3.1/../../../../arm-none-eabi/lib/armv7-m\libc.a(lib_a-mallocr.o)
                0x200008f4                __malloc_max_sbrked_mem
 .bss.__malloc_top_pad
                0x200008f8        0x4 c:/program files (x86)/gnu tools arm embedded/5.3 2016q1/bin/../lib/gcc/arm-none-eabi/5.3.1/../../../../arm-none-eabi/lib/armv7-m\libc.a(lib_a-mallocr.o)
                0x200008f8                __malloc_top_pad
 .bss.__malloc_current_mallinfo
                0x200008fc       0x28 c:/program files (x86)/gnu tools arm embedded/5.3 2016q1/bin/../lib/gcc/arm-none-eabi/5.3.1/../../../../arm-none-eabi/lib/armv7-m\libc.a(lib_a-mallocr.o)
                0x200008fc                __malloc_current_mallinfo
 *(COMMON)
 COMMON         0x20000924      0x120 ..\obj\Protocol.o
                0x20000924                charCounter
                0x20000928                line
                0x20000a28                plExecutor
 COMMON         0x20000a44       0x3e ..\obj\Stepper.o
                0x20000a44                currentBlock
                0x20000a48                wakeUpState
                0x20000a4c                stExecutor
                0x20000a80                availableInsertBlock
                0x20000a81                outputBits
 *fill*         0x20000a82        0x2 
 COMMON         0x20000a84        0xb ..\obj\Dma.o
                0x20000a84                motorInfoBuffer
                0x20000a8c                motorDriveBuffer
 *fill*         0x20000a8f        0x1 
 COMMON         0x20000a90      0x104 ..\obj\Usart.o
                0x20000a90                rxBufferHead
                0x20000a92                rxBufferTail
                0x20000a94                rxBuffer
 COMMON         0x20000b94        0xc ..\obj\Motor.o
                0x20000b94                motor2
                0x20000b98                motor1
                0x20000b9c                motor0
 COMMON         0x20000ba0      0x43e ..\obj\Planner.o
                0x20000ba0                bufferTail
                0x20000ba4                blockBuffer
                0x20000fdc                bufferHead
                0x20000fdd                nextBufferHead
 *fill*         0x20000fde        0x2 
 COMMON         0x20000fe0        0xc ..\obj\System.o
                0x20000fe0                sys
 COMMON         0x20000fec        0x4 c:/program files (x86)/gnu tools arm embedded/5.3 2016q1/bin/../lib/gcc/arm-none-eabi/5.3.1/../../../../arm-none-eabi/lib/armv7-m\libc.a(lib_a-reent.o)
                0x20000fec                errno
                0x20000ff0                . = ALIGN (0x4)
                0x20000ff0                _ebss = .
                0x20000ff0                __bss_end__ = _ebss

._user_heap_stack
                0x20000ff0      0x600 load address 0x0800d798
                0x20000ff0                . = ALIGN (0x4)
                0x20000ff0                PROVIDE (end, .)
                [!provide]                PROVIDE (_end, .)
                0x200011f0                . = (. + _Min_Heap_Size)
 *fill*         0x20000ff0      0x200 
                0x200015f0                . = (. + _Min_Stack_Size)
 *fill*         0x200011f0      0x400 
                0x200015f0                . = ALIGN (0x4)

/DISCARD/
 libc.a(*)
 libm.a(*)
 libgcc.a(*)

.ARM.attributes
                0x00000000       0x29
 *(.ARM.attributes)
 .ARM.attributes
                0x00000000       0x1d c:/program files (x86)/gnu tools arm embedded/5.3 2016q1/bin/../lib/gcc/arm-none-eabi/5.3.1/armv7-m/crti.o
 .ARM.attributes
                0x0000001d       0x2d c:/program files (x86)/gnu tools arm embedded/5.3 2016q1/bin/../lib/gcc/arm-none-eabi/5.3.1/armv7-m/crtbegin.o
 .ARM.attributes
                0x0000004a       0x33 ..\obj\Protocol.o
 .ARM.attributes
                0x0000007d       0x33 ..\obj\syscalls.o
 .ARM.attributes
                0x000000b0       0x33 ..\obj\Stepper.o
 .ARM.attributes
                0x000000e3       0x33 ..\obj\stm32f10x_usart.o
 .ARM.attributes
                0x00000116       0x33 ..\obj\Tim.o
 .ARM.attributes
                0x00000149       0x33 ..\obj\Dma.o
 .ARM.attributes
                0x0000017c       0x33 ..\obj\Usart.o
 .ARM.attributes
                0x000001af       0x33 ..\obj\stm32f10x_gpio.o
 .ARM.attributes
                0x000001e2       0x33 ..\obj\stm32f10x_rcc.o
 .ARM.attributes
                0x00000215       0x33 ..\obj\Spi.o
 .ARM.attributes
                0x00000248       0x33 ..\obj\Motor.o
 .ARM.attributes
                0x0000027b       0x33 ..\obj\stm32f10x_dma.o
 .ARM.attributes
                0x000002ae       0x33 ..\obj\system_stm32f10x.o
 .ARM.attributes
                0x000002e1       0x21 ..\obj\startup_stm32f103xb.o
 .ARM.attributes
                0x00000302       0x33 ..\obj\Gpio.o
 .ARM.attributes
                0x00000335       0x33 ..\obj\stm32f10x_tim.o
 .ARM.attributes
                0x00000368       0x33 ..\obj\Planner.o
 .ARM.attributes
                0x0000039b       0x33 ..\obj\System.o
 .ARM.attributes
                0x000003ce       0x33 ..\obj\stm32f10x_spi.o
 .ARM.attributes
                0x00000401       0x33 ..\obj\main.o
 .ARM.attributes
                0x00000434       0x2d c:/program files (x86)/gnu tools arm embedded/5.3 2016q1/bin/../lib/gcc/arm-none-eabi/5.3.1/../../../../arm-none-eabi/lib/armv7-m\libm.a(lib_a-w_sqrt.o)
 .ARM.attributes
                0x00000461       0x2d c:/program files (x86)/gnu tools arm embedded/5.3 2016q1/bin/../lib/gcc/arm-none-eabi/5.3.1/../../../../arm-none-eabi/lib/armv7-m\libm.a(lib_a-e_sqrt.o)
 .ARM.attributes
                0x0000048e       0x2d c:/program files (x86)/gnu tools arm embedded/5.3 2016q1/bin/../lib/gcc/arm-none-eabi/5.3.1/../../../../arm-none-eabi/lib/armv7-m\libm.a(lib_a-s_lib_ver.o)
 .ARM.attributes
                0x000004bb       0x2d c:/program files (x86)/gnu tools arm embedded/5.3 2016q1/bin/../lib/gcc/arm-none-eabi/5.3.1/../../../../arm-none-eabi/lib/armv7-m\libm.a(lib_a-s_matherr.o)
 .ARM.attributes
                0x000004e8       0x1d c:/program files (x86)/gnu tools arm embedded/5.3 2016q1/bin/../lib/gcc/arm-none-eabi/5.3.1/armv7-m\libgcc.a(_arm_addsubdf3.o)
 .ARM.attributes
                0x00000505       0x1d c:/program files (x86)/gnu tools arm embedded/5.3 2016q1/bin/../lib/gcc/arm-none-eabi/5.3.1/armv7-m\libgcc.a(_arm_muldivdf3.o)
 .ARM.attributes
                0x00000522       0x1d c:/program files (x86)/gnu tools arm embedded/5.3 2016q1/bin/../lib/gcc/arm-none-eabi/5.3.1/armv7-m\libgcc.a(_arm_cmpdf2.o)
 .ARM.attributes
                0x0000053f       0x1d c:/program files (x86)/gnu tools arm embedded/5.3 2016q1/bin/../lib/gcc/arm-none-eabi/5.3.1/armv7-m\libgcc.a(_arm_unorddf2.o)
 .ARM.attributes
                0x0000055c       0x1d c:/program files (x86)/gnu tools arm embedded/5.3 2016q1/bin/../lib/gcc/arm-none-eabi/5.3.1/armv7-m\libgcc.a(_arm_fixdfsi.o)
 .ARM.attributes
                0x00000579       0x1d c:/program files (x86)/gnu tools arm embedded/5.3 2016q1/bin/../lib/gcc/arm-none-eabi/5.3.1/armv7-m\libgcc.a(_arm_truncdfsf2.o)
 .ARM.attributes
                0x00000596       0x1d c:/program files (x86)/gnu tools arm embedded/5.3 2016q1/bin/../lib/gcc/arm-none-eabi/5.3.1/armv7-m\libgcc.a(_arm_addsubsf3.o)
 .ARM.attributes
                0x000005b3       0x1d c:/program files (x86)/gnu tools arm embedded/5.3 2016q1/bin/../lib/gcc/arm-none-eabi/5.3.1/armv7-m\libgcc.a(_arm_muldivsf3.o)
 .ARM.attributes
                0x000005d0       0x1d c:/program files (x86)/gnu tools arm embedded/5.3 2016q1/bin/../lib/gcc/arm-none-eabi/5.3.1/armv7-m\libgcc.a(_arm_cmpsf2.o)
 .ARM.attributes
                0x000005ed       0x1d c:/program files (x86)/gnu tools arm embedded/5.3 2016q1/bin/../lib/gcc/arm-none-eabi/5.3.1/armv7-m\libgcc.a(_arm_fixunssfsi.o)
 .ARM.attributes
                0x0000060a       0x2d c:/program files (x86)/gnu tools arm embedded/5.3 2016q1/bin/../lib/gcc/arm-none-eabi/5.3.1/../../../../arm-none-eabi/lib/armv7-m\libc.a(lib_a-errno.o)
 .ARM.attributes
                0x00000637       0x2d c:/program files (x86)/gnu tools arm embedded/5.3 2016q1/bin/../lib/gcc/arm-none-eabi/5.3.1/../../../../arm-none-eabi/lib/armv7-m\libc.a(lib_a-malloc.o)
 .ARM.attributes
                0x00000664       0x2d c:/program files (x86)/gnu tools arm embedded/5.3 2016q1/bin/../lib/gcc/arm-none-eabi/5.3.1/../../../../arm-none-eabi/lib/armv7-m\libc.a(lib_a-mallocr.o)
 .ARM.attributes
                0x00000691       0x1b c:/program files (x86)/gnu tools arm embedded/5.3 2016q1/bin/../lib/gcc/arm-none-eabi/5.3.1/../../../../arm-none-eabi/lib/armv7-m\libc.a(lib_a-memcpy.o)
 .ARM.attributes
                0x000006ac       0x2d c:/program files (x86)/gnu tools arm embedded/5.3 2016q1/bin/../lib/gcc/arm-none-eabi/5.3.1/../../../../arm-none-eabi/lib/armv7-m\libc.a(lib_a-mlock.o)
 .ARM.attributes
                0x000006d9       0x2d c:/program files (x86)/gnu tools arm embedded/5.3 2016q1/bin/../lib/gcc/arm-none-eabi/5.3.1/../../../../arm-none-eabi/lib/armv7-m\libc.a(lib_a-printf.o)
 .ARM.attributes
                0x00000706       0x2d c:/program files (x86)/gnu tools arm embedded/5.3 2016q1/bin/../lib/gcc/arm-none-eabi/5.3.1/../../../../arm-none-eabi/lib/armv7-m\libc.a(lib_a-sbrkr.o)
 .ARM.attributes
                0x00000733       0x2d c:/program files (x86)/gnu tools arm embedded/5.3 2016q1/bin/../lib/gcc/arm-none-eabi/5.3.1/../../../../arm-none-eabi/lib/armv7-m\libc.a(lib_a-vfprintf.o)
 .ARM.attributes
                0x00000760       0x2d c:/program files (x86)/gnu tools arm embedded/5.3 2016q1/bin/../lib/gcc/arm-none-eabi/5.3.1/../../../../arm-none-eabi/lib/armv7-m\libc.a(lib_a-wsetup.o)
 .ARM.attributes
                0x0000078d       0x2d c:/program files (x86)/gnu tools arm embedded/5.3 2016q1/bin/../lib/gcc/arm-none-eabi/5.3.1/../../../../arm-none-eabi/lib/armv7-m\libc.a(lib_a-dtoa.o)
 .ARM.attributes
                0x000007ba       0x2d c:/program files (x86)/gnu tools arm embedded/5.3 2016q1/bin/../lib/gcc/arm-none-eabi/5.3.1/../../../../arm-none-eabi/lib/armv7-m\libc.a(lib_a-fflush.o)
 .ARM.attributes
                0x000007e7       0x2d c:/program files (x86)/gnu tools arm embedded/5.3 2016q1/bin/../lib/gcc/arm-none-eabi/5.3.1/../../../../arm-none-eabi/lib/armv7-m\libc.a(lib_a-findfp.o)
 .ARM.attributes
                0x00000814       0x2d c:/program files (x86)/gnu tools arm embedded/5.3 2016q1/bin/../lib/gcc/arm-none-eabi/5.3.1/../../../../arm-none-eabi/lib/armv7-m\libc.a(lib_a-freer.o)
 .ARM.attributes
                0x00000841       0x2d c:/program files (x86)/gnu tools arm embedded/5.3 2016q1/bin/../lib/gcc/arm-none-eabi/5.3.1/../../../../arm-none-eabi/lib/armv7-m\libc.a(lib_a-fwalk.o)
 .ARM.attributes
                0x0000086e       0x2d c:/program files (x86)/gnu tools arm embedded/5.3 2016q1/bin/../lib/gcc/arm-none-eabi/5.3.1/../../../../arm-none-eabi/lib/armv7-m\libc.a(lib_a-locale.o)
 .ARM.attributes
                0x0000089b       0x2d c:/program files (x86)/gnu tools arm embedded/5.3 2016q1/bin/../lib/gcc/arm-none-eabi/5.3.1/../../../../arm-none-eabi/lib/armv7-m\libc.a(lib_a-makebuf.o)
 .ARM.attributes
                0x000008c8       0x2d c:/program files (x86)/gnu tools arm embedded/5.3 2016q1/bin/../lib/gcc/arm-none-eabi/5.3.1/../../../../arm-none-eabi/lib/armv7-m\libc.a(lib_a-memchr-stub.o)
 .ARM.attributes
                0x000008f5       0x2d c:/program files (x86)/gnu tools arm embedded/5.3 2016q1/bin/../lib/gcc/arm-none-eabi/5.3.1/../../../../arm-none-eabi/lib/armv7-m\libc.a(lib_a-mprec.o)
 .ARM.attributes
                0x00000922       0x2d c:/program files (x86)/gnu tools arm embedded/5.3 2016q1/bin/../lib/gcc/arm-none-eabi/5.3.1/../../../../arm-none-eabi/lib/armv7-m\libc.a(lib_a-reent.o)
 .ARM.attributes
                0x0000094f       0x2d c:/program files (x86)/gnu tools arm embedded/5.3 2016q1/bin/../lib/gcc/arm-none-eabi/5.3.1/../../../../arm-none-eabi/lib/armv7-m\libc.a(lib_a-stdio.o)
 .ARM.attributes
                0x0000097c       0x2d c:/program files (x86)/gnu tools arm embedded/5.3 2016q1/bin/../lib/gcc/arm-none-eabi/5.3.1/../../../../arm-none-eabi/lib/armv7-m\libc.a(lib_a-strlen-stub.o)
 .ARM.attributes
                0x000009a9       0x2d c:/program files (x86)/gnu tools arm embedded/5.3 2016q1/bin/../lib/gcc/arm-none-eabi/5.3.1/../../../../arm-none-eabi/lib/armv7-m\libc.a(lib_a-vfiprintf.o)
 .ARM.attributes
                0x000009d6       0x2d c:/program files (x86)/gnu tools arm embedded/5.3 2016q1/bin/../lib/gcc/arm-none-eabi/5.3.1/../../../../arm-none-eabi/lib/armv7-m\libc.a(lib_a-writer.o)
 .ARM.attributes
                0x00000a03       0x2d c:/program files (x86)/gnu tools arm embedded/5.3 2016q1/bin/../lib/gcc/arm-none-eabi/5.3.1/../../../../arm-none-eabi/lib/armv7-m\libc.a(lib_a-callocr.o)
 .ARM.attributes
                0x00000a30       0x2d c:/program files (x86)/gnu tools arm embedded/5.3 2016q1/bin/../lib/gcc/arm-none-eabi/5.3.1/../../../../arm-none-eabi/lib/armv7-m\libc.a(lib_a-closer.o)
 .ARM.attributes
                0x00000a5d       0x2d c:/program files (x86)/gnu tools arm embedded/5.3 2016q1/bin/../lib/gcc/arm-none-eabi/5.3.1/../../../../arm-none-eabi/lib/armv7-m\libc.a(lib_a-fclose.o)
 .ARM.attributes
                0x00000a8a       0x2d c:/program files (x86)/gnu tools arm embedded/5.3 2016q1/bin/../lib/gcc/arm-none-eabi/5.3.1/../../../../arm-none-eabi/lib/armv7-m\libc.a(lib_a-fputwc.o)
 .ARM.attributes
                0x00000ab7       0x2d c:/program files (x86)/gnu tools arm embedded/5.3 2016q1/bin/../lib/gcc/arm-none-eabi/5.3.1/../../../../arm-none-eabi/lib/armv7-m\libc.a(lib_a-fstatr.o)
 .ARM.attributes
                0x00000ae4       0x2d c:/program files (x86)/gnu tools arm embedded/5.3 2016q1/bin/../lib/gcc/arm-none-eabi/5.3.1/../../../../arm-none-eabi/lib/armv7-m\libc.a(lib_a-fvwrite.o)
 .ARM.attributes
                0x00000b11       0x2d c:/program files (x86)/gnu tools arm embedded/5.3 2016q1/bin/../lib/gcc/arm-none-eabi/5.3.1/../../../../arm-none-eabi/lib/armv7-m\libc.a(lib_a-isattyr.o)
 .ARM.attributes
                0x00000b3e       0x2d c:/program files (x86)/gnu tools arm embedded/5.3 2016q1/bin/../lib/gcc/arm-none-eabi/5.3.1/../../../../arm-none-eabi/lib/armv7-m\libc.a(lib_a-lseekr.o)
 .ARM.attributes
                0x00000b6b       0x2d c:/program files (x86)/gnu tools arm embedded/5.3 2016q1/bin/../lib/gcc/arm-none-eabi/5.3.1/../../../../arm-none-eabi/lib/armv7-m\libc.a(lib_a-memmove.o)
 .ARM.attributes
                0x00000b98       0x2d c:/program files (x86)/gnu tools arm embedded/5.3 2016q1/bin/../lib/gcc/arm-none-eabi/5.3.1/../../../../arm-none-eabi/lib/armv7-m\libc.a(lib_a-readr.o)
 .ARM.attributes
                0x00000bc5       0x2d c:/program files (x86)/gnu tools arm embedded/5.3 2016q1/bin/../lib/gcc/arm-none-eabi/5.3.1/../../../../arm-none-eabi/lib/armv7-m\libc.a(lib_a-reallocr.o)
 .ARM.attributes
                0x00000bf2       0x2d c:/program files (x86)/gnu tools arm embedded/5.3 2016q1/bin/../lib/gcc/arm-none-eabi/5.3.1/../../../../arm-none-eabi/lib/armv7-m\libc.a(lib_a-wbuf.o)
 .ARM.attributes
                0x00000c1f       0x2d c:/program files (x86)/gnu tools arm embedded/5.3 2016q1/bin/../lib/gcc/arm-none-eabi/5.3.1/../../../../arm-none-eabi/lib/armv7-m\libc.a(lib_a-wcrtomb.o)
 .ARM.attributes
                0x00000c4c       0x2d c:/program files (x86)/gnu tools arm embedded/5.3 2016q1/bin/../lib/gcc/arm-none-eabi/5.3.1/../../../../arm-none-eabi/lib/armv7-m\libc.a(lib_a-wctomb_r.o)
 .ARM.attributes
                0x00000c79       0x1d c:/program files (x86)/gnu tools arm embedded/5.3 2016q1/bin/../lib/gcc/arm-none-eabi/5.3.1/armv7-m\libgcc.a(_aeabi_uldivmod.o)
 .ARM.attributes
                0x00000c96       0x2d c:/program files (x86)/gnu tools arm embedded/5.3 2016q1/bin/../lib/gcc/arm-none-eabi/5.3.1/armv7-m\libgcc.a(_udivmoddi4.o)
 .ARM.attributes
                0x00000cc3       0x1d c:/program files (x86)/gnu tools arm embedded/5.3 2016q1/bin/../lib/gcc/arm-none-eabi/5.3.1/armv7-m\libgcc.a(_dvmd_tls.o)
 .ARM.attributes
                0x00000ce0       0x1d c:/program files (x86)/gnu tools arm embedded/5.3 2016q1/bin/../lib/gcc/arm-none-eabi/5.3.1/armv7-m/crtn.o
LOAD ..\obj\Protocol.o
LOAD ..\obj\syscalls.o
LOAD ..\obj\Stepper.o
LOAD ..\obj\stm32f10x_usart.o
LOAD ..\obj\Tim.o
LOAD ..\obj\Dma.o
LOAD ..\obj\Usart.o
LOAD ..\obj\HardwareConfig.o
LOAD ..\obj\stm32f10x_gpio.o
LOAD ..\obj\stm32f10x_rcc.o
LOAD ..\obj\Setting.o
LOAD ..\obj\Spi.o
LOAD ..\obj\Motor.o
LOAD ..\obj\stm32f10x_dma.o
LOAD ..\obj\system_stm32f10x.o
LOAD ..\obj\startup_stm32f103xb.o
LOAD ..\obj\Gpio.o
LOAD ..\obj\stm32f10x_tim.o
LOAD ..\obj\Planner.o
LOAD ..\obj\System.o
LOAD ..\obj\stm32f10x_spi.o
LOAD ..\obj\misc.o
LOAD ..\obj\main.o
LOAD c:/program files (x86)/gnu tools arm embedded/5.3 2016q1/bin/../lib/gcc/arm-none-eabi/5.3.1/../../../../arm-none-eabi/lib/armv7-m\libm.a
LOAD c:/program files (x86)/gnu tools arm embedded/5.3 2016q1/bin/../lib/gcc/arm-none-eabi/5.3.1/armv7-m\libgcc.a
LOAD c:/program files (x86)/gnu tools arm embedded/5.3 2016q1/bin/../lib/gcc/arm-none-eabi/5.3.1/../../../../arm-none-eabi/lib/armv7-m\libc.a
LOAD c:/program files (x86)/gnu tools arm embedded/5.3 2016q1/bin/../lib/gcc/arm-none-eabi/5.3.1/../../../../arm-none-eabi/lib/armv7-m\librdimon.a
START GROUP
LOAD c:/program files (x86)/gnu tools arm embedded/5.3 2016q1/bin/../lib/gcc/arm-none-eabi/5.3.1/armv7-m\libgcc.a
LOAD c:/program files (x86)/gnu tools arm embedded/5.3 2016q1/bin/../lib/gcc/arm-none-eabi/5.3.1/../../../../arm-none-eabi/lib/armv7-m\libg.a
LOAD c:/program files (x86)/gnu tools arm embedded/5.3 2016q1/bin/../lib/gcc/arm-none-eabi/5.3.1/../../../../arm-none-eabi/lib/armv7-m\libc.a
END GROUP
LOAD c:/program files (x86)/gnu tools arm embedded/5.3 2016q1/bin/../lib/gcc/arm-none-eabi/5.3.1/armv7-m/crtend.o
LOAD c:/program files (x86)/gnu tools arm embedded/5.3 2016q1/bin/../lib/gcc/arm-none-eabi/5.3.1/armv7-m/crtn.o
OUTPUT(PCB_Laser_Etcher.elf elf32-littlearm)

.debug_info     0x00000000     0x98d6
 .debug_info    0x00000000      0x6ee ..\obj\Protocol.o
 .debug_info    0x000006ee      0x663 ..\obj\syscalls.o
 .debug_info    0x00000d51      0xd0a ..\obj\Stepper.o
 .debug_info    0x00001a5b      0x9f0 ..\obj\stm32f10x_usart.o
 .debug_info    0x0000244b      0x8d2 ..\obj\Tim.o
 .debug_info    0x00002d1d      0x841 ..\obj\Dma.o
 .debug_info    0x0000355e      0x89d ..\obj\Usart.o
 .debug_info    0x00003dfb      0x6f6 ..\obj\stm32f10x_gpio.o
 .debug_info    0x000044f1      0x8a3 ..\obj\stm32f10x_rcc.o
 .debug_info    0x00004d94      0x364 ..\obj\Spi.o
 .debug_info    0x000050f8      0x1cf ..\obj\Motor.o
 .debug_info    0x000052c7      0x47b ..\obj\stm32f10x_dma.o
 .debug_info    0x00005742      0x49c ..\obj\system_stm32f10x.o
 .debug_info    0x00005bde       0xce ..\obj\startup_stm32f103xb.o
 .debug_info    0x00005cac      0x25e ..\obj\Gpio.o
 .debug_info    0x00005f0a     0x1c60 ..\obj\stm32f10x_tim.o
 .debug_info    0x00007b6a      0xbb6 ..\obj\Planner.o
 .debug_info    0x00008720       0xd7 ..\obj\System.o
 .debug_info    0x000087f7      0x8fb ..\obj\stm32f10x_spi.o
 .debug_info    0x000090f2      0x7e4 ..\obj\main.o

.debug_abbrev   0x00000000     0x1cb6
 .debug_abbrev  0x00000000      0x1d9 ..\obj\Protocol.o
 .debug_abbrev  0x000001d9      0x174 ..\obj\syscalls.o
 .debug_abbrev  0x0000034d      0x2a2 ..\obj\Stepper.o
 .debug_abbrev  0x000005ef      0x164 ..\obj\stm32f10x_usart.o
 .debug_abbrev  0x00000753      0x188 ..\obj\Tim.o
 .debug_abbrev  0x000008db      0x1c0 ..\obj\Dma.o
 .debug_abbrev  0x00000a9b      0x1f9 ..\obj\Usart.o
 .debug_abbrev  0x00000c94      0x1cc ..\obj\stm32f10x_gpio.o
 .debug_abbrev  0x00000e60      0x1bc ..\obj\stm32f10x_rcc.o
 .debug_abbrev  0x0000101c      0x110 ..\obj\Spi.o
 .debug_abbrev  0x0000112c       0xd9 ..\obj\Motor.o
 .debug_abbrev  0x00001205      0x157 ..\obj\stm32f10x_dma.o
 .debug_abbrev  0x0000135c      0x14e ..\obj\system_stm32f10x.o
 .debug_abbrev  0x000014aa       0x12 ..\obj\startup_stm32f103xb.o
 .debug_abbrev  0x000014bc      0x118 ..\obj\Gpio.o
 .debug_abbrev  0x000015d4      0x1b2 ..\obj\stm32f10x_tim.o
 .debug_abbrev  0x00001786      0x1ce ..\obj\Planner.o
 .debug_abbrev  0x00001954       0x8c ..\obj\System.o
 .debug_abbrev  0x000019e0      0x180 ..\obj\stm32f10x_spi.o
 .debug_abbrev  0x00001b60      0x156 ..\obj\main.o

.debug_aranges  0x00000000      0x288
 .debug_aranges
                0x00000000       0x20 ..\obj\Protocol.o
 .debug_aranges
                0x00000020       0x20 ..\obj\syscalls.o
 .debug_aranges
                0x00000040       0x20 ..\obj\Stepper.o
 .debug_aranges
                0x00000060       0x20 ..\obj\stm32f10x_usart.o
 .debug_aranges
                0x00000080       0x20 ..\obj\Tim.o
 .debug_aranges
                0x000000a0       0x20 ..\obj\Dma.o
 .debug_aranges
                0x000000c0       0x20 ..\obj\Usart.o
 .debug_aranges
                0x000000e0       0x20 ..\obj\stm32f10x_gpio.o
 .debug_aranges
                0x00000100       0x20 ..\obj\stm32f10x_rcc.o
 .debug_aranges
                0x00000120       0x20 ..\obj\Spi.o
 .debug_aranges
                0x00000140       0x20 ..\obj\Motor.o
 .debug_aranges
                0x00000160       0x20 ..\obj\stm32f10x_dma.o
 .debug_aranges
                0x00000180       0x20 ..\obj\system_stm32f10x.o
 .debug_aranges
                0x000001a0       0x28 ..\obj\startup_stm32f103xb.o
 .debug_aranges
                0x000001c8       0x20 ..\obj\Gpio.o
 .debug_aranges
                0x000001e8       0x20 ..\obj\stm32f10x_tim.o
 .debug_aranges
                0x00000208       0x20 ..\obj\Planner.o
 .debug_aranges
                0x00000228       0x20 ..\obj\System.o
 .debug_aranges
                0x00000248       0x20 ..\obj\stm32f10x_spi.o
 .debug_aranges
                0x00000268       0x20 ..\obj\main.o

.debug_line     0x00000000     0x38b6
 .debug_line    0x00000000      0x268 ..\obj\Protocol.o
 .debug_line    0x00000268      0x17c ..\obj\syscalls.o
 .debug_line    0x000003e4      0x345 ..\obj\Stepper.o
 .debug_line    0x00000729      0x3bd ..\obj\stm32f10x_usart.o
 .debug_line    0x00000ae6      0x2cb ..\obj\Tim.o
 .debug_line    0x00000db1      0x2df ..\obj\Dma.o
 .debug_line    0x00001090      0x2a8 ..\obj\Usart.o
 .debug_line    0x00001338      0x367 ..\obj\stm32f10x_gpio.o
 .debug_line    0x0000169f      0x3b0 ..\obj\stm32f10x_rcc.o
 .debug_line    0x00001a4f      0x280 ..\obj\Spi.o
 .debug_line    0x00001ccf      0x16a ..\obj\Motor.o
 .debug_line    0x00001e39      0x32f ..\obj\stm32f10x_dma.o
 .debug_line    0x00002168      0x22b ..\obj\system_stm32f10x.o
 .debug_line    0x00002393       0xb8 ..\obj\startup_stm32f103xb.o
 .debug_line    0x0000244b      0x28a ..\obj\Gpio.o
 .debug_line    0x000026d5      0x72c ..\obj\stm32f10x_tim.o
 .debug_line    0x00002e01      0x2cb ..\obj\Planner.o
 .debug_line    0x000030cc      0x148 ..\obj\System.o
 .debug_line    0x00003214      0x37e ..\obj\stm32f10x_spi.o
 .debug_line    0x00003592      0x324 ..\obj\main.o

.debug_str      0x00000000     0x35e9
 .debug_str     0x00000000      0x757 ..\obj\Protocol.o
                                0x7c6 (size before relaxing)
 .debug_str     0x00000757      0x23c ..\obj\syscalls.o
                                0x3be (size before relaxing)
 .debug_str     0x00000993      0x478 ..\obj\Stepper.o
                                0xb75 (size before relaxing)
 .debug_str     0x00000e0b      0x4e3 ..\obj\stm32f10x_usart.o
                                0x6a7 (size before relaxing)
 .debug_str     0x000012ee      0x13e ..\obj\Tim.o
                                0x7c8 (size before relaxing)
 .debug_str     0x0000142c      0x202 ..\obj\Dma.o
                                0x815 (size before relaxing)
 .debug_str     0x0000162e       0xfc ..\obj\Usart.o
                                0x7aa (size before relaxing)
 .debug_str     0x0000172a      0x39e ..\obj\stm32f10x_gpio.o
                                0x530 (size before relaxing)
 .debug_str     0x00001ac8      0x40c ..\obj\stm32f10x_rcc.o
                                0x631 (size before relaxing)
 .debug_str     0x00001ed4      0x122 ..\obj\Spi.o
                                0x308 (size before relaxing)
 .debug_str     0x00001ff6       0x85 ..\obj\Motor.o
                                0x1ed (size before relaxing)
 .debug_str     0x0000207b      0x148 ..\obj\stm32f10x_dma.o
                                0x3ce (size before relaxing)
 .debug_str     0x000021c3       0xca ..\obj\system_stm32f10x.o
                                0x2fa (size before relaxing)
 .debug_str     0x0000228d       0x57 ..\obj\Gpio.o
                                0x2d1 (size before relaxing)
 .debug_str     0x000022e4      0xa7c ..\obj\stm32f10x_tim.o
                                0xdf4 (size before relaxing)
 .debug_str     0x00002d60      0x4c1 ..\obj\Planner.o
                                0x7b4 (size before relaxing)
 .debug_str     0x00003221       0x48 ..\obj\System.o
                                0x162 (size before relaxing)
 .debug_str     0x00003269      0x2e2 ..\obj\stm32f10x_spi.o
                                0x614 (size before relaxing)
 .debug_str     0x0000354b       0x9e ..\obj\main.o
                                0x577 (size before relaxing)

.comment        0x00000000       0x6e
 .comment       0x00000000       0x6e ..\obj\Protocol.o
                                 0x6f (size before relaxing)
 .comment       0x0000006e       0x6f ..\obj\syscalls.o
 .comment       0x0000006e       0x6f ..\obj\Stepper.o
 .comment       0x0000006e       0x6f ..\obj\stm32f10x_usart.o
 .comment       0x0000006e       0x6f ..\obj\Tim.o
 .comment       0x0000006e       0x6f ..\obj\Dma.o
 .comment       0x0000006e       0x6f ..\obj\Usart.o
 .comment       0x0000006e       0x6f ..\obj\stm32f10x_gpio.o
 .comment       0x0000006e       0x6f ..\obj\stm32f10x_rcc.o
 .comment       0x0000006e       0x6f ..\obj\Spi.o
 .comment       0x0000006e       0x6f ..\obj\Motor.o
 .comment       0x0000006e       0x6f ..\obj\stm32f10x_dma.o
 .comment       0x0000006e       0x6f ..\obj\system_stm32f10x.o
 .comment       0x0000006e       0x6f ..\obj\Gpio.o
 .comment       0x0000006e       0x6f ..\obj\stm32f10x_tim.o
 .comment       0x0000006e       0x6f ..\obj\Planner.o
 .comment       0x0000006e       0x6f ..\obj\System.o
 .comment       0x0000006e       0x6f ..\obj\stm32f10x_spi.o
 .comment       0x0000006e       0x6f ..\obj\main.o

.debug_frame    0x00000000     0x41fc
 .debug_frame   0x00000000       0xe8 ..\obj\Protocol.o
 .debug_frame   0x000000e8      0x2d4 ..\obj\syscalls.o
 .debug_frame   0x000003bc      0x3ac ..\obj\Stepper.o
 .debug_frame   0x00000768      0x490 ..\obj\stm32f10x_usart.o
 .debug_frame   0x00000bf8       0x84 ..\obj\Tim.o
 .debug_frame   0x00000c7c      0x124 ..\obj\Dma.o
 .debug_frame   0x00000da0      0x13c ..\obj\Usart.o
 .debug_frame   0x00000edc      0x2d0 ..\obj\stm32f10x_gpio.o
 .debug_frame   0x000011ac      0x4f4 ..\obj\stm32f10x_rcc.o
 .debug_frame   0x000016a0       0x50 ..\obj\Spi.o
 .debug_frame   0x000016f0       0x78 ..\obj\Motor.o
 .debug_frame   0x00001768      0x1c8 ..\obj\stm32f10x_dma.o
 .debug_frame   0x00001930       0x98 ..\obj\system_stm32f10x.o
 .debug_frame   0x000019c8       0x34 ..\obj\Gpio.o
 .debug_frame   0x000019fc      0xe2c ..\obj\stm32f10x_tim.o
 .debug_frame   0x00002828      0x5c0 ..\obj\Planner.o
 .debug_frame   0x00002de8       0x30 ..\obj\System.o
 .debug_frame   0x00002e18      0x3a0 ..\obj\stm32f10x_spi.o
 .debug_frame   0x000031b8      0x10c ..\obj\main.o
 .debug_frame   0x000032c4       0x44 c:/program files (x86)/gnu tools arm embedded/5.3 2016q1/bin/../lib/gcc/arm-none-eabi/5.3.1/../../../../arm-none-eabi/lib/armv7-m\libm.a(lib_a-w_sqrt.o)
 .debug_frame   0x00003308       0x30 c:/program files (x86)/gnu tools arm embedded/5.3 2016q1/bin/../lib/gcc/arm-none-eabi/5.3.1/../../../../arm-none-eabi/lib/armv7-m\libm.a(lib_a-e_sqrt.o)
 .debug_frame   0x00003338       0x20 c:/program files (x86)/gnu tools arm embedded/5.3 2016q1/bin/../lib/gcc/arm-none-eabi/5.3.1/../../../../arm-none-eabi/lib/armv7-m\libm.a(lib_a-s_matherr.o)
 .debug_frame   0x00003358       0x20 c:/program files (x86)/gnu tools arm embedded/5.3 2016q1/bin/../lib/gcc/arm-none-eabi/5.3.1/../../../../arm-none-eabi/lib/armv7-m\libc.a(lib_a-errno.o)
 .debug_frame   0x00003378       0x30 c:/program files (x86)/gnu tools arm embedded/5.3 2016q1/bin/../lib/gcc/arm-none-eabi/5.3.1/../../../../arm-none-eabi/lib/armv7-m\libc.a(lib_a-malloc.o)
 .debug_frame   0x000033a8       0x54 c:/program files (x86)/gnu tools arm embedded/5.3 2016q1/bin/../lib/gcc/arm-none-eabi/5.3.1/../../../../arm-none-eabi/lib/armv7-m\libc.a(lib_a-mallocr.o)
 .debug_frame   0x000033fc       0x30 c:/program files (x86)/gnu tools arm embedded/5.3 2016q1/bin/../lib/gcc/arm-none-eabi/5.3.1/../../../../arm-none-eabi/lib/armv7-m\libc.a(lib_a-mlock.o)
 .debug_frame   0x0000342c       0x78 c:/program files (x86)/gnu tools arm embedded/5.3 2016q1/bin/../lib/gcc/arm-none-eabi/5.3.1/../../../../arm-none-eabi/lib/armv7-m\libc.a(lib_a-printf.o)
 .debug_frame   0x000034a4       0x2c c:/program files (x86)/gnu tools arm embedded/5.3 2016q1/bin/../lib/gcc/arm-none-eabi/5.3.1/../../../../arm-none-eabi/lib/armv7-m\libc.a(lib_a-sbrkr.o)
 .debug_frame   0x000034d0       0x88 c:/program files (x86)/gnu tools arm embedded/5.3 2016q1/bin/../lib/gcc/arm-none-eabi/5.3.1/../../../../arm-none-eabi/lib/armv7-m\libc.a(lib_a-vfprintf.o)
 .debug_frame   0x00003558       0x2c c:/program files (x86)/gnu tools arm embedded/5.3 2016q1/bin/../lib/gcc/arm-none-eabi/5.3.1/../../../../arm-none-eabi/lib/armv7-m\libc.a(lib_a-wsetup.o)
 .debug_frame   0x00003584       0x84 c:/program files (x86)/gnu tools arm embedded/5.3 2016q1/bin/../lib/gcc/arm-none-eabi/5.3.1/../../../../arm-none-eabi/lib/armv7-m\libc.a(lib_a-dtoa.o)
 .debug_frame   0x00003608       0x6c c:/program files (x86)/gnu tools arm embedded/5.3 2016q1/bin/../lib/gcc/arm-none-eabi/5.3.1/../../../../arm-none-eabi/lib/armv7-m\libc.a(lib_a-fflush.o)
 .debug_frame   0x00003674      0x124 c:/program files (x86)/gnu tools arm embedded/5.3 2016q1/bin/../lib/gcc/arm-none-eabi/5.3.1/../../../../arm-none-eabi/lib/armv7-m\libc.a(lib_a-findfp.o)
 .debug_frame   0x00003798       0x74 c:/program files (x86)/gnu tools arm embedded/5.3 2016q1/bin/../lib/gcc/arm-none-eabi/5.3.1/../../../../arm-none-eabi/lib/armv7-m\libc.a(lib_a-freer.o)
 .debug_frame   0x0000380c       0x54 c:/program files (x86)/gnu tools arm embedded/5.3 2016q1/bin/../lib/gcc/arm-none-eabi/5.3.1/../../../../arm-none-eabi/lib/armv7-m\libc.a(lib_a-fwalk.o)
 .debug_frame   0x00003860       0x9c c:/program files (x86)/gnu tools arm embedded/5.3 2016q1/bin/../lib/gcc/arm-none-eabi/5.3.1/../../../../arm-none-eabi/lib/armv7-m\libc.a(lib_a-locale.o)
 .debug_frame   0x000038fc       0x68 c:/program files (x86)/gnu tools arm embedded/5.3 2016q1/bin/../lib/gcc/arm-none-eabi/5.3.1/../../../../arm-none-eabi/lib/armv7-m\libc.a(lib_a-makebuf.o)
 .debug_frame   0x00003964       0x34 c:/program files (x86)/gnu tools arm embedded/5.3 2016q1/bin/../lib/gcc/arm-none-eabi/5.3.1/../../../../arm-none-eabi/lib/armv7-m\libc.a(lib_a-memchr-stub.o)
 .debug_frame   0x00003998      0x264 c:/program files (x86)/gnu tools arm embedded/5.3 2016q1/bin/../lib/gcc/arm-none-eabi/5.3.1/../../../../arm-none-eabi/lib/armv7-m\libc.a(lib_a-mprec.o)
 .debug_frame   0x00003bfc       0x58 c:/program files (x86)/gnu tools arm embedded/5.3 2016q1/bin/../lib/gcc/arm-none-eabi/5.3.1/../../../../arm-none-eabi/lib/armv7-m\libc.a(lib_a-reent.o)
 .debug_frame   0x00003c54       0x88 c:/program files (x86)/gnu tools arm embedded/5.3 2016q1/bin/../lib/gcc/arm-none-eabi/5.3.1/../../../../arm-none-eabi/lib/armv7-m\libc.a(lib_a-stdio.o)
 .debug_frame   0x00003cdc       0x20 c:/program files (x86)/gnu tools arm embedded/5.3 2016q1/bin/../lib/gcc/arm-none-eabi/5.3.1/../../../../arm-none-eabi/lib/armv7-m\libc.a(lib_a-strlen-stub.o)
 .debug_frame   0x00003cfc       0xc8 c:/program files (x86)/gnu tools arm embedded/5.3 2016q1/bin/../lib/gcc/arm-none-eabi/5.3.1/../../../../arm-none-eabi/lib/armv7-m\libc.a(lib_a-vfiprintf.o)
 .debug_frame   0x00003dc4       0x2c c:/program files (x86)/gnu tools arm embedded/5.3 2016q1/bin/../lib/gcc/arm-none-eabi/5.3.1/../../../../arm-none-eabi/lib/armv7-m\libc.a(lib_a-writer.o)
 .debug_frame   0x00003df0       0x28 c:/program files (x86)/gnu tools arm embedded/5.3 2016q1/bin/../lib/gcc/arm-none-eabi/5.3.1/../../../../arm-none-eabi/lib/armv7-m\libc.a(lib_a-callocr.o)
 .debug_frame   0x00003e18       0x2c c:/program files (x86)/gnu tools arm embedded/5.3 2016q1/bin/../lib/gcc/arm-none-eabi/5.3.1/../../../../arm-none-eabi/lib/armv7-m\libc.a(lib_a-closer.o)
 .debug_frame   0x00003e44       0x44 c:/program files (x86)/gnu tools arm embedded/5.3 2016q1/bin/../lib/gcc/arm-none-eabi/5.3.1/../../../../arm-none-eabi/lib/armv7-m\libc.a(lib_a-fclose.o)
 .debug_frame   0x00003e88       0x88 c:/program files (x86)/gnu tools arm embedded/5.3 2016q1/bin/../lib/gcc/arm-none-eabi/5.3.1/../../../../arm-none-eabi/lib/armv7-m\libc.a(lib_a-fputwc.o)
 .debug_frame   0x00003f10       0x2c c:/program files (x86)/gnu tools arm embedded/5.3 2016q1/bin/../lib/gcc/arm-none-eabi/5.3.1/../../../../arm-none-eabi/lib/armv7-m\libc.a(lib_a-fstatr.o)
 .debug_frame   0x00003f3c       0x68 c:/program files (x86)/gnu tools arm embedded/5.3 2016q1/bin/../lib/gcc/arm-none-eabi/5.3.1/../../../../arm-none-eabi/lib/armv7-m\libc.a(lib_a-fvwrite.o)
 .debug_frame   0x00003fa4       0x2c c:/program files (x86)/gnu tools arm embedded/5.3 2016q1/bin/../lib/gcc/arm-none-eabi/5.3.1/../../../../arm-none-eabi/lib/armv7-m\libc.a(lib_a-isattyr.o)
 .debug_frame   0x00003fd0       0x2c c:/program files (x86)/gnu tools arm embedded/5.3 2016q1/bin/../lib/gcc/arm-none-eabi/5.3.1/../../../../arm-none-eabi/lib/armv7-m\libc.a(lib_a-lseekr.o)
 .debug_frame   0x00003ffc       0x30 c:/program files (x86)/gnu tools arm embedded/5.3 2016q1/bin/../lib/gcc/arm-none-eabi/5.3.1/../../../../arm-none-eabi/lib/armv7-m\libc.a(lib_a-memmove.o)
 .debug_frame   0x0000402c       0x2c c:/program files (x86)/gnu tools arm embedded/5.3 2016q1/bin/../lib/gcc/arm-none-eabi/5.3.1/../../../../arm-none-eabi/lib/armv7-m\libc.a(lib_a-readr.o)